-------------------------------------------------------------------------------------
      name:  <unnamed>
       log:  C:\Users\prorgan\Box\Classes\BE 887\Exercise\organ_exercise.log
  log type:  text
 opened on:  17 Oct 2018, 16:57:43

. 
. * load data
. use "data\data1980s_share.dta"

. 
. ********************************************************************************
. *** Data Cleaning
. ********************************************************************************
. 
. * data cleaning for HMR Rep parts 1, 2, and 3 and Alt Specs part 3
. 
. * define landlock if we don't have two landlocked countries
. gen landlock = n_landlock!=2

. * define island if we don't have two island countries
. gen island = n_islands!=2

. 
. * rename variables for use in regs
. rename ln_distance dist

. rename legalsystem_same legal

. rename common_lang lang

. rename religion_same religion

. 
. ** create id we can use for clustering
. * convert to strings
. gen impcode_str = impcode

. gen expcode_str = expcode

. tostring impcode_str, replace
impcode_str was float now str6

. tostring expcode_str, replace
expcode_str was float now str6

. 
. * create id for pairs (need exp-imp and imp-exp to be same, so we do conditional)
. gen newid = cond(impcode_str <= expcode_str, impcode_str, expcode_str) ///
>         + cond(impcode_str >= expcode_str, impcode_str, expcode_str) 

. 
. * create pair variable we will use for clustering
. egen pair = group(newid)

. 
. * drop temporary variables
. drop newid impcode_str expcode_str

. 
. * define indicator for country pairs with positive trade
. gen pos_trade = !missing(ln_trade)

. 
. * save data
. save "data\cleaned_part1.dta", replace
file data\cleaned_part1.dta saved

. 
. ********************************************************************************
. * data cleaning for HMR Rep parts 4, 5, and 6, and Alt Specs parts 1 and 2
. 
. ** Merge in Regulation data
. * see do file 'clean_data' for small pre-cleaning steps done before this
. merge m:1 expcode using "data\reg_costs_exp.dta"
(label country already defined)

    Result                           # of obs.
    -----------------------------------------
    not matched                        64,370
        from master                    64,370  (_merge==1)
        from using                          0  (_merge==2)

    matched                           183,690  (_merge==3)
    -----------------------------------------

. drop _merge

. merge m:1 impcode using "data\reg_costs_imp.dta"
(label country already defined)

    Result                           # of obs.
    -----------------------------------------
    not matched                        64,370
        from master                    64,370  (_merge==1)
        from using                          0  (_merge==2)

    matched                           183,690  (_merge==3)
    -----------------------------------------

. drop _merge

. 
. * generate indicators for pairs
. gen reg_costs = (exp_ind_cost + imp_ind_cost)==2

. replace reg_costs = . if missing(exp_ind_cost) | missing(imp_ind_cost)
(112,340 real changes made, 112,340 to missing)

. gen reg_costs_procdays = (exp_ind_procdays + imp_ind_procdays)==2

. replace reg_costs_procdays = . if missing(exp_ind_procdays) | missing(imp_ind_procd
> ays)
(112,340 real changes made, 112,340 to missing)

. 
. * drop if (1) reg cost data is missing or 
. * (2) exporter in 8 country list or (3) importer is Japan
. * Japan = 413920
. * Hong Kong = 453440
. * France = 532500
. * Germany = 532800
. * Italy = 533800
. * Netherlands = 535280
. * UK = 538260
. * Sweden = 557520
. drop if exp_ind_cost == .
(64,370 observations deleted)

. drop if imp_ind_cost == .
(47,970 observations deleted)

. drop if expcode == 413920 | expcode == 453440 | expcode == 532500 | ///
> expcode == 532800 | expcode == 533800 | expcode == 535280 | ///
> expcode == 538260 | expcode == 557520
(9,280 observations deleted)

. drop if impcode == 413920
(1,090 observations deleted)

. 
. save "data\cleaned_part2.dta", replace
file data\cleaned_part2.dta saved

. 
. ********************************************************************************
. *** HMR Replication
. ********************************************************************************
. 
. ** Replication of Table 1, Columns 1, 2, and 3
. 
. clear all

. use "data\cleaned_part1.dta"

. 
. * Column 1
. * local to list variables for inclusion in regression
. local vars = "dist border island landlock legal lang colonial cu fta religion"

. 
. * running regression
. * fixed effects for exporter and for importer
. * standard errors clustered at the country-pair level
. quietly reg ln_trade `vars' i.expcode i.impcode if year==1986, vce(cluster pair)

. 
. * write to file for use in tex
. outreg2 using "tables/t1.tex", keep(`vars') ///
>  stats(coef se) dec(3) replace
tables/t1.tex
dir : seeout

.  
. ********************************************************************************
. * Column 2
. * local to list variables for inclusion in regression
. local vars = "dist border island landlock legal lang colonial cu fta religion"

. 
. * regression (exclude Congo)
. quietly probit pos_trade `vars' i.expcode i.impcode ///
> if year==1986 & expcode!=141780, vce(cluster pair)

. 
. local controls = "dist border island landlock legal lang colonial cu fta religion i
> .impcode i.expcode"

. 
. margins, dydx(`controls') atmeans post

Conditional marginal effects                    Number of obs     =     24,649
Model VCE    : Robust

Expression   : Pr(pos_trade), predict()
dy/dx w.r.t. : dist border island landlock legal lang colonial cu fta religion
               130120.expcode 134340.expcode 135040.expcode 137320.expcode
               137360.expcode 137880.expcode 138180.expcode 141200.expcode
               141400.expcode 141480.expcode 142660.expcode 160240.expcode
               161080.expcode 161740.expcode 161800.expcode 162040.expcode
               162260.expcode 162300.expcode 162620.expcode 162700.expcode
               162880.expcode 163240.expcode 163840.expcode 164040.expcode
               164300.expcode 164500.expcode 164540.expcode 164660.expcode
               164780.expcode 164800.expcode 165080.expcode 165620.expcode
               165660.expcode 166240.expcode 166380.expcode 166460.expcode
               166860.expcode 166900.expcode 166940.expcode 167060.expcode
               167160.expcode 167680.expcode 168000.expcode 168340.expcode
               168540.expcode 168940.expcode 211240.expcode 218400.expcode
               220600.expcode 223040.expcode 330320.expcode 330680.expcode
               330760.expcode 331520.expcode 331700.expcode 332180.expcode
               334840.expcode 336000.expcode 336040.expcode 338580.expcode
               338620.expcode 341880.expcode 342220.expcode 343200.expcode
               343400.expcode 345580.expcode 350440.expcode 350520.expcode
               351360.expcode 351920.expcode 352140.expcode 353120.expcode
               353320.expcode 353880.expcode 355320.expcode 356580.expcode
               357800.expcode 357960.expcode 360840.expcode 362540.expcode
               363280.expcode 365900.expcode 367400.expcode 413760.expcode
               413920.expcode 440480.expcode 441960.expcode 443640.expcode
               443680.expcode 444000.expcode 444140.expcode 444220.expcode
               445120.expcode 446340.expcode 446820.expcode 447600.expcode
               447840.expcode 447920.expcode 448870.expcode 450040.expcode
               450500.expcode 450640.expcode 450960.expcode 451040.expcode
               451160.expcode 451440.expcode 453440.expcode 453560.expcode
               453600.expcode 454100.expcode 454180.expcode 454580.expcode
               454620.expcode 455240.expcode 455860.expcode 456080.expcode
               457020.expcode 457640.expcode 458960.expcode 481560.expcode
               484080.expcode 484960.expcode 487040.expcode 530560.expcode
               532080.expcode 532500.expcode 532800.expcode 533000.expcode
               533720.expcode 533800.expcode 535280.expcode 536200.expcode
               537240.expcode 538260.expcode 550400.expcode 552460.expcode
               553520.expcode 555780.expcode 557520.expcode 557560.expcode
               574700.expcode 580080.expcode 581000.expcode 582000.expcode
               583480.expcode 586160.expcode 586420.expcode 598900.expcode
               688100.expcode 710360.expcode 715540.expcode 720900.expcode
               722420.expcode 722960.expcode 725400.expcode 725980.expcode
               130120.impcode 134340.impcode 135040.impcode 137320.impcode
               137360.impcode 137880.impcode 138180.impcode 141200.impcode
               141400.impcode 141480.impcode 141780.impcode 142660.impcode
               160240.impcode 161080.impcode 161740.impcode 161800.impcode
               162040.impcode 162260.impcode 162300.impcode 162620.impcode
               162700.impcode 162880.impcode 163240.impcode 163840.impcode
               164040.impcode 164300.impcode 164500.impcode 164540.impcode
               164660.impcode 164780.impcode 164800.impcode 165080.impcode
               165620.impcode 165660.impcode 166240.impcode 166380.impcode
               166460.impcode 166860.impcode 166900.impcode 166940.impcode
               167060.impcode 167160.impcode 167680.impcode 168000.impcode
               168340.impcode 168540.impcode 168940.impcode 211240.impcode
               218400.impcode 220600.impcode 223040.impcode 330320.impcode
               330680.impcode 330760.impcode 331520.impcode 331700.impcode
               332180.impcode 334840.impcode 336000.impcode 336040.impcode
               338580.impcode 338620.impcode 341880.impcode 342220.impcode
               343200.impcode 343400.impcode 345580.impcode 350440.impcode
               350520.impcode 351360.impcode 351920.impcode 352140.impcode
               353120.impcode 353320.impcode 353880.impcode 355320.impcode
               356580.impcode 357800.impcode 357960.impcode 360840.impcode
               362540.impcode 363280.impcode 365900.impcode 367400.impcode
               413760.impcode 413920.impcode 440480.impcode 441960.impcode
               443640.impcode 443680.impcode 444000.impcode 444140.impcode
               444220.impcode 445120.impcode 446340.impcode 446820.impcode
               447600.impcode 447840.impcode 447920.impcode 448870.impcode
               450040.impcode 450500.impcode 450640.impcode 450960.impcode
               451040.impcode 451160.impcode 451440.impcode 453440.impcode
               453560.impcode 453600.impcode 454100.impcode 454180.impcode
               454580.impcode 454620.impcode 455240.impcode 455860.impcode
               456080.impcode 457020.impcode 457640.impcode 458960.impcode
               481560.impcode 484080.impcode 484960.impcode 487040.impcode
               530560.impcode 532080.impcode 532500.impcode 532800.impcode
               533000.impcode 533720.impcode 533800.impcode 535280.impcode
               536200.impcode 537240.impcode 538260.impcode 550400.impcode
               552460.impcode 553520.impcode 555780.impcode 557520.impcode
               557560.impcode 574700.impcode 580080.impcode 581000.impcode
               582000.impcode 583480.impcode 586160.impcode 586420.impcode
               598900.impcode 688100.impcode 710360.impcode 715540.impcode
               720900.impcode 722420.impcode 722960.impcode 725400.impcode
               725980.impcode
at           : dist            =    4.178846 (mean)
               border          =    .0173638 (mean)
               island          =     .959755 (mean)
               landlock        =    .9794718 (mean)
               legal           =    .3684125 (mean)
               lang            =    .2876384 (mean)
               colonial        =    .0096961 (mean)
               cu              =    .0090065 (mean)
               fta             =    .0059232 (mean)
               religion        =    .2221174 (mean)
               117100.exp~e    =    .0063694 (mean)
               130120.exp~e    =    .0063694 (mean)
               134340.exp~e    =    .0063694 (mean)
               135040.exp~e    =    .0063694 (mean)
               137320.exp~e    =    .0063694 (mean)
               137360.exp~e    =    .0063694 (mean)
               137880.exp~e    =    .0063694 (mean)
               138180.exp~e    =    .0063694 (mean)
               141200.exp~e    =    .0063694 (mean)
               141400.exp~e    =    .0063694 (mean)
               141480.exp~e    =    .0063694 (mean)
               142660.exp~e    =    .0063694 (mean)
               160240.exp~e    =    .0063694 (mean)
               161080.exp~e    =    .0063694 (mean)
               161740.exp~e    =    .0063694 (mean)
               161800.exp~e    =    .0063694 (mean)
               162040.exp~e    =    .0063694 (mean)
               162260.exp~e    =    .0063694 (mean)
               162300.exp~e    =    .0063694 (mean)
               162620.exp~e    =    .0063694 (mean)
               162700.exp~e    =    .0063694 (mean)
               162880.exp~e    =    .0063694 (mean)
               163240.exp~e    =    .0063694 (mean)
               163840.exp~e    =    .0063694 (mean)
               164040.exp~e    =    .0063694 (mean)
               164300.exp~e    =    .0063694 (mean)
               164500.exp~e    =    .0063694 (mean)
               164540.exp~e    =    .0063694 (mean)
               164660.exp~e    =    .0063694 (mean)
               164780.exp~e    =    .0063694 (mean)
               164800.exp~e    =    .0063694 (mean)
               165080.exp~e    =    .0063694 (mean)
               165620.exp~e    =    .0063694 (mean)
               165660.exp~e    =    .0063694 (mean)
               166240.exp~e    =    .0063694 (mean)
               166380.exp~e    =    .0063694 (mean)
               166460.exp~e    =    .0063694 (mean)
               166860.exp~e    =    .0063694 (mean)
               166900.exp~e    =    .0063694 (mean)
               166940.exp~e    =    .0063694 (mean)
               167060.exp~e    =    .0063694 (mean)
               167160.exp~e    =    .0063694 (mean)
               167680.exp~e    =    .0063694 (mean)
               168000.exp~e    =    .0063694 (mean)
               168340.exp~e    =    .0063694 (mean)
               168540.exp~e    =    .0063694 (mean)
               168940.exp~e    =    .0063694 (mean)
               211240.exp~e    =    .0063694 (mean)
               218400.exp~e    =    .0063694 (mean)
               220600.exp~e    =    .0063694 (mean)
               223040.exp~e    =    .0063694 (mean)
               330320.exp~e    =    .0063694 (mean)
               330680.exp~e    =    .0063694 (mean)
               330760.exp~e    =    .0063694 (mean)
               331520.exp~e    =    .0063694 (mean)
               331700.exp~e    =    .0063694 (mean)
               332180.exp~e    =    .0063694 (mean)
               334840.exp~e    =    .0063694 (mean)
               336000.exp~e    =    .0063694 (mean)
               336040.exp~e    =    .0063694 (mean)
               338580.exp~e    =    .0063694 (mean)
               338620.exp~e    =    .0063694 (mean)
               341880.exp~e    =    .0063694 (mean)
               342220.exp~e    =    .0063694 (mean)
               343200.exp~e    =    .0063694 (mean)
               343400.exp~e    =    .0063694 (mean)
               345580.exp~e    =    .0063694 (mean)
               350440.exp~e    =    .0063694 (mean)
               350520.exp~e    =    .0063694 (mean)
               351360.exp~e    =    .0063694 (mean)
               351920.exp~e    =    .0063694 (mean)
               352140.exp~e    =    .0063694 (mean)
               353120.exp~e    =    .0063694 (mean)
               353320.exp~e    =    .0063694 (mean)
               353880.exp~e    =    .0063694 (mean)
               355320.exp~e    =    .0063694 (mean)
               356580.exp~e    =    .0063694 (mean)
               357800.exp~e    =    .0063694 (mean)
               357960.exp~e    =    .0063694 (mean)
               360840.exp~e    =    .0063694 (mean)
               362540.exp~e    =    .0063694 (mean)
               363280.exp~e    =    .0063694 (mean)
               365900.exp~e    =    .0063694 (mean)
               367400.exp~e    =    .0063694 (mean)
               413760.exp~e    =    .0063694 (mean)
               413920.exp~e    =    .0063694 (mean)
               440480.exp~e    =    .0063694 (mean)
               441960.exp~e    =    .0063694 (mean)
               443640.exp~e    =    .0063694 (mean)
               443680.exp~e    =    .0063694 (mean)
               444000.exp~e    =    .0063694 (mean)
               444140.exp~e    =    .0063694 (mean)
               444220.exp~e    =    .0063694 (mean)
               445120.exp~e    =    .0063694 (mean)
               446340.exp~e    =    .0063694 (mean)
               446820.exp~e    =    .0063694 (mean)
               447600.exp~e    =    .0063694 (mean)
               447840.exp~e    =    .0063694 (mean)
               447920.exp~e    =    .0063694 (mean)
               448870.exp~e    =    .0063694 (mean)
               450040.exp~e    =    .0063694 (mean)
               450500.exp~e    =    .0063694 (mean)
               450640.exp~e    =    .0063694 (mean)
               450960.exp~e    =    .0063694 (mean)
               451040.exp~e    =    .0063694 (mean)
               451160.exp~e    =    .0063694 (mean)
               451440.exp~e    =    .0063694 (mean)
               453440.exp~e    =    .0063694 (mean)
               453560.exp~e    =    .0063694 (mean)
               453600.exp~e    =    .0063694 (mean)
               454100.exp~e    =    .0063694 (mean)
               454180.exp~e    =    .0063694 (mean)
               454580.exp~e    =    .0063694 (mean)
               454620.exp~e    =    .0063694 (mean)
               455240.exp~e    =    .0063694 (mean)
               455860.exp~e    =    .0063694 (mean)
               456080.exp~e    =    .0063694 (mean)
               457020.exp~e    =    .0063694 (mean)
               457640.exp~e    =    .0063694 (mean)
               458960.exp~e    =    .0063694 (mean)
               481560.exp~e    =    .0063694 (mean)
               484080.exp~e    =    .0063694 (mean)
               484960.exp~e    =    .0063694 (mean)
               487040.exp~e    =    .0063694 (mean)
               530560.exp~e    =    .0063694 (mean)
               532080.exp~e    =    .0063694 (mean)
               532500.exp~e    =    .0063694 (mean)
               532800.exp~e    =    .0063694 (mean)
               533000.exp~e    =    .0063694 (mean)
               533720.exp~e    =    .0063694 (mean)
               533800.exp~e    =    .0063694 (mean)
               535280.exp~e    =    .0063694 (mean)
               536200.exp~e    =    .0063694 (mean)
               537240.exp~e    =    .0063694 (mean)
               538260.exp~e    =    .0063694 (mean)
               550400.exp~e    =    .0063694 (mean)
               552460.exp~e    =    .0063694 (mean)
               553520.exp~e    =    .0063694 (mean)
               555780.exp~e    =    .0063694 (mean)
               557520.exp~e    =    .0063694 (mean)
               557560.exp~e    =    .0063694 (mean)
               574700.exp~e    =    .0063694 (mean)
               580080.exp~e    =    .0063694 (mean)
               581000.exp~e    =    .0063694 (mean)
               582000.exp~e    =    .0063694 (mean)
               583480.exp~e    =    .0063694 (mean)
               586160.exp~e    =    .0063694 (mean)
               586420.exp~e    =    .0063694 (mean)
               598900.exp~e    =    .0063694 (mean)
               688100.exp~e    =    .0063694 (mean)
               710360.exp~e    =    .0063694 (mean)
               715540.exp~e    =    .0063694 (mean)
               720900.exp~e    =    .0063694 (mean)
               722420.exp~e    =    .0063694 (mean)
               722960.exp~e    =    .0063694 (mean)
               725400.exp~e    =    .0063694 (mean)
               725980.exp~e    =    .0063694 (mean)
               117100.imp~e    =    .0063289 (mean)
               130120.imp~e    =    .0063289 (mean)
               134340.imp~e    =    .0063289 (mean)
               135040.imp~e    =    .0063289 (mean)
               137320.imp~e    =    .0063289 (mean)
               137360.imp~e    =    .0063289 (mean)
               137880.imp~e    =    .0063289 (mean)
               138180.imp~e    =    .0063289 (mean)
               141200.imp~e    =    .0063289 (mean)
               141400.imp~e    =    .0063289 (mean)
               141480.imp~e    =    .0063289 (mean)
               141780.imp~e    =    .0063694 (mean)
               142660.imp~e    =    .0063289 (mean)
               160240.imp~e    =    .0063289 (mean)
               161080.imp~e    =    .0063289 (mean)
               161740.imp~e    =    .0063289 (mean)
               161800.imp~e    =    .0063289 (mean)
               162040.imp~e    =    .0063289 (mean)
               162260.imp~e    =    .0063289 (mean)
               162300.imp~e    =    .0063289 (mean)
               162620.imp~e    =    .0063289 (mean)
               162700.imp~e    =    .0063289 (mean)
               162880.imp~e    =    .0063289 (mean)
               163240.imp~e    =    .0063289 (mean)
               163840.imp~e    =    .0063289 (mean)
               164040.imp~e    =    .0063289 (mean)
               164300.imp~e    =    .0063289 (mean)
               164500.imp~e    =    .0063289 (mean)
               164540.imp~e    =    .0063289 (mean)
               164660.imp~e    =    .0063289 (mean)
               164780.imp~e    =    .0063289 (mean)
               164800.imp~e    =    .0063289 (mean)
               165080.imp~e    =    .0063289 (mean)
               165620.imp~e    =    .0063289 (mean)
               165660.imp~e    =    .0063289 (mean)
               166240.imp~e    =    .0063289 (mean)
               166380.imp~e    =    .0063289 (mean)
               166460.imp~e    =    .0063289 (mean)
               166860.imp~e    =    .0063289 (mean)
               166900.imp~e    =    .0063289 (mean)
               166940.imp~e    =    .0063289 (mean)
               167060.imp~e    =    .0063289 (mean)
               167160.imp~e    =    .0063289 (mean)
               167680.imp~e    =    .0063289 (mean)
               168000.imp~e    =    .0063289 (mean)
               168340.imp~e    =    .0063289 (mean)
               168540.imp~e    =    .0063289 (mean)
               168940.imp~e    =    .0063289 (mean)
               211240.imp~e    =    .0063289 (mean)
               218400.imp~e    =    .0063289 (mean)
               220600.imp~e    =    .0063289 (mean)
               223040.imp~e    =    .0063289 (mean)
               330320.imp~e    =    .0063289 (mean)
               330680.imp~e    =    .0063289 (mean)
               330760.imp~e    =    .0063289 (mean)
               331520.imp~e    =    .0063289 (mean)
               331700.imp~e    =    .0063289 (mean)
               332180.imp~e    =    .0063289 (mean)
               334840.imp~e    =    .0063289 (mean)
               336000.imp~e    =    .0063289 (mean)
               336040.imp~e    =    .0063289 (mean)
               338580.imp~e    =    .0063289 (mean)
               338620.imp~e    =    .0063289 (mean)
               341880.imp~e    =    .0063289 (mean)
               342220.imp~e    =    .0063289 (mean)
               343200.imp~e    =    .0063289 (mean)
               343400.imp~e    =    .0063289 (mean)
               345580.imp~e    =    .0063289 (mean)
               350440.imp~e    =    .0063289 (mean)
               350520.imp~e    =    .0063289 (mean)
               351360.imp~e    =    .0063289 (mean)
               351920.imp~e    =    .0063289 (mean)
               352140.imp~e    =    .0063289 (mean)
               353120.imp~e    =    .0063289 (mean)
               353320.imp~e    =    .0063289 (mean)
               353880.imp~e    =    .0063289 (mean)
               355320.imp~e    =    .0063289 (mean)
               356580.imp~e    =    .0063289 (mean)
               357800.imp~e    =    .0063289 (mean)
               357960.imp~e    =    .0063289 (mean)
               360840.imp~e    =    .0063289 (mean)
               362540.imp~e    =    .0063289 (mean)
               363280.imp~e    =    .0063289 (mean)
               365900.imp~e    =    .0063289 (mean)
               367400.imp~e    =    .0063289 (mean)
               413760.imp~e    =    .0063289 (mean)
               413920.imp~e    =    .0063289 (mean)
               440480.imp~e    =    .0063289 (mean)
               441960.imp~e    =    .0063289 (mean)
               443640.imp~e    =    .0063289 (mean)
               443680.imp~e    =    .0063289 (mean)
               444000.imp~e    =    .0063289 (mean)
               444140.imp~e    =    .0063289 (mean)
               444220.imp~e    =    .0063289 (mean)
               445120.imp~e    =    .0063289 (mean)
               446340.imp~e    =    .0063289 (mean)
               446820.imp~e    =    .0063289 (mean)
               447600.imp~e    =    .0063289 (mean)
               447840.imp~e    =    .0063289 (mean)
               447920.imp~e    =    .0063289 (mean)
               448870.imp~e    =    .0063289 (mean)
               450040.imp~e    =    .0063289 (mean)
               450500.imp~e    =    .0063289 (mean)
               450640.imp~e    =    .0063289 (mean)
               450960.imp~e    =    .0063289 (mean)
               451040.imp~e    =    .0063289 (mean)
               451160.imp~e    =    .0063289 (mean)
               451440.imp~e    =    .0063289 (mean)
               453440.imp~e    =    .0063289 (mean)
               453560.imp~e    =    .0063289 (mean)
               453600.imp~e    =    .0063289 (mean)
               454100.imp~e    =    .0063289 (mean)
               454180.imp~e    =    .0063289 (mean)
               454580.imp~e    =    .0063289 (mean)
               454620.imp~e    =    .0063289 (mean)
               455240.imp~e    =    .0063289 (mean)
               455860.imp~e    =    .0063289 (mean)
               456080.imp~e    =    .0063289 (mean)
               457020.imp~e    =    .0063289 (mean)
               457640.imp~e    =    .0063289 (mean)
               458960.imp~e    =    .0063289 (mean)
               481560.imp~e    =    .0063289 (mean)
               484080.imp~e    =    .0063289 (mean)
               484960.imp~e    =    .0063289 (mean)
               487040.imp~e    =    .0063289 (mean)
               530560.imp~e    =    .0063289 (mean)
               532080.imp~e    =    .0063289 (mean)
               532500.imp~e    =    .0063289 (mean)
               532800.imp~e    =    .0063289 (mean)
               533000.imp~e    =    .0063289 (mean)
               533720.imp~e    =    .0063289 (mean)
               533800.imp~e    =    .0063289 (mean)
               535280.imp~e    =    .0063289 (mean)
               536200.imp~e    =    .0063289 (mean)
               537240.imp~e    =    .0063289 (mean)
               538260.imp~e    =    .0063289 (mean)
               550400.imp~e    =    .0063289 (mean)
               552460.imp~e    =    .0063289 (mean)
               553520.imp~e    =    .0063289 (mean)
               555780.imp~e    =    .0063289 (mean)
               557520.imp~e    =    .0063289 (mean)
               557560.imp~e    =    .0063289 (mean)
               574700.imp~e    =    .0063289 (mean)
               580080.imp~e    =    .0063289 (mean)
               581000.imp~e    =    .0063289 (mean)
               582000.imp~e    =    .0063289 (mean)
               583480.imp~e    =    .0063289 (mean)
               586160.imp~e    =    .0063289 (mean)
               586420.imp~e    =    .0063289 (mean)
               598900.imp~e    =    .0063289 (mean)
               688100.imp~e    =    .0063289 (mean)
               710360.imp~e    =    .0063289 (mean)
               715540.imp~e    =    .0063289 (mean)
               720900.imp~e    =    .0063289 (mean)
               722420.imp~e    =    .0063289 (mean)
               722960.imp~e    =    .0063289 (mean)
               725400.imp~e    =    .0063289 (mean)
               725980.imp~e    =    .0063289 (mean)

------------------------------------------------------------------------------------
                   |            Delta-method
                   |      dy/dx   Std. Err.      z    P>|z|     [95% Conf. Interval]
-------------------+----------------------------------------------------------------
              dist |  -.2629761    .011685   -22.51   0.000    -.2858783   -.2400738
            border |  -.1524734   .0512786    -2.97   0.003    -.2529776   -.0519693
            island |  -.1374171   .0326872    -4.20   0.000    -.2014828   -.0733513
          landlock |  -.0719757   .0454942    -1.58   0.114    -.1611426    .0171912
             legal |   .0384208   .0135092     2.84   0.004     .0119433    .0648983
              lang |    .113132   .0165499     6.84   0.000     .0806948    .1455691
          colonial |   .1296325    .121502     1.07   0.286    -.1085071    .3677721
                cu |    .196003   .0568749     3.45   0.001     .0845303    .3074757
               fta |   .7913377   .1257873     6.29   0.000     .5447991    1.037876
          religion |   .1038527   .0250292     4.15   0.000     .0547963    .1529091
                   |
           expcode |
          ALGERIA  |  -.3332126   .0624579    -5.33   0.000    -.4556278   -.2107974
     LIBY ARAB JM  |  -.5346303   .0469731   -11.38   0.000    -.6266959   -.4425647
          MOROCCO  |   .1725167    .060515     2.85   0.004     .0539094    .2911239
   WESTERN SAHARA  |  -.5777083   .0439421   -13.15   0.000    -.6638333   -.4915833
            SUDAN  |  -.3259848   .0562237    -5.80   0.000    -.4361812   -.2157883
          TUNISIA  |  -.0321521   .0649237    -0.50   0.620    -.1594001     .095096
            EGYPT  |  -.1843912    .060779    -3.03   0.002    -.3035158   -.0652666
         CAMEROON  |  -.2779317   .0607019    -4.58   0.000    -.3969053   -.1589581
CENTRAL AFR. REP.  |  -.5240699   .0469489   -11.16   0.000     -.616088   -.4320518
             CHAD  |  -.5556382   .0448661   -12.38   0.000    -.6435741   -.4677024
            GABON  |  -.3876146   .0560046    -6.92   0.000    -.4973816   -.2778477
           ANGOLA  |  -.4994575   .0493146   -10.13   0.000    -.5961124   -.4028026
          BURUNDI  |  -.5257504   .0466726   -11.26   0.000     -.617227   -.4342738
          COMOROS  |   -.549637   .0450335   -12.21   0.000    -.6379011   -.4613729
            ZAIRE  |  -.3444742   .0567775    -6.07   0.000    -.4557559   -.2331924
            BENIN  |  -.5045432   .0473721   -10.65   0.000    -.5973908   -.4116955
       EQ. GUINEA  |  -.5663426   .0443426   -12.77   0.000    -.6532526   -.4794326
         ETHIOPIA  |  -.4729932   .0516756    -9.15   0.000    -.5742755   -.3717109
         DJIBOUTI  |  -.4347077   .0558272    -7.79   0.000    -.5441271   -.3252883
           GAMBIA  |  -.5479914    .045168   -12.13   0.000    -.6365191   -.4594637
            GHANA  |  -.3925738   .0532274    -7.38   0.000    -.4968977     -.28825
           GUINEA  |  -.4842442   .0492101    -9.84   0.000    -.5806942   -.3877942
    COTE D'IVOIRE  |   -.237217   .0597658    -3.97   0.000    -.3543558   -.1200782
            KENYA  |   .1033482    .060676     1.70   0.089    -.0155745    .2222709
          LIBERIA  |  -.4479994   .0509426    -8.79   0.000    -.5478451   -.3481537
       MADAGASCAR  |   -.376796   .0597614    -6.31   0.000    -.4939261   -.2596659
           MALAWI  |  -.2936607   .0614144    -4.78   0.000    -.4140307   -.1732907
             MALI  |  -.5071116   .0474922   -10.68   0.000    -.6001947   -.4140286
       MAURITANIA  |  -.5094413   .0483714   -10.53   0.000    -.6042474   -.4146351
        MAURITIUS  |  -.4348959   .0525745    -8.27   0.000    -.5379399   -.3318518
       MOZAMBIQUE  |  -.3402637   .0581839    -5.85   0.000    -.4543021   -.2262253
            NIGER  |  -.5470259   .0455908   -12.00   0.000    -.6363822   -.4576695
          NIGERIA  |   -.243105   .0648898    -3.75   0.000    -.3702867   -.1159233
GUINEA-BISSAU ..)  |  -.5420485   .0457548   -11.85   0.000    -.6317264   -.4523707
          REUNION  |  -.5423732   .0464201   -11.68   0.000     -.633355   -.4513915
           RWANDA  |  -.5499016    .044908   -12.25   0.000    -.6379196   -.4618835
          SENEGAL  |  -.2357275   .0646767    -3.64   0.000    -.3624914   -.1089635
       SEYCHELLES  |  -.5550902   .0445178   -12.47   0.000    -.6423434    -.467837
     SIERRA LEONE  |  -.4909068   .0487119   -10.08   0.000    -.5863805   -.3954331
          SOMALIA  |  -.5481549   .0450197   -12.18   0.000    -.6363919   -.4599179
         ZIMBABWE  |   .1768773    .057631     3.07   0.002     .0639226     .289832
             TOGO  |  -.3545472   .0583383    -6.08   0.000    -.4688881   -.2402063
           UGANDA  |  -.5000627   .0471234   -10.61   0.000    -.5924228   -.4077026
 UNTD RP TANZANIA  |  -.3276731   .0550301    -5.95   0.000      -.43553   -.2198161
     BURKINA FASO  |  -.5427828   .0455681   -11.91   0.000    -.6320946   -.4534709
           ZAMBIA  |  -.3697445   .0531528    -6.96   0.000    -.4739221   -.2655669
           CANADA  |   .4221876   .0439412     9.61   0.000     .3360644    .5083109
              USA  |   .4221888   .0439396     9.61   0.000     .3360687    .5083088
          BERMUDA  |  -.3905651   .0577062    -6.77   0.000    -.5036671   -.2774631
        GREENLAND  |  -.5754326   .0439841   -13.08   0.000    -.6616399   -.4892254
        ARGENTINA  |   .3459504   .0477322     7.25   0.000      .252397    .4395037
          BOLIVIA  |   -.460869    .052619    -8.76   0.000    -.5640004   -.3577377
           BRAZIL  |   .4161517   .0440444     9.45   0.000     .3298262    .5024772
            CHILE  |   .2089252   .0597149     3.50   0.000     .0918863    .3259642
         COLOMBIA  |   .1278103   .0612102     2.09   0.037     .0078404    .2477801
          ECUADOR  |  -.2056042   .0658774    -3.12   0.002    -.3347216   -.0764868
           MEXICO  |   .2813186   .0527017     5.34   0.000     .1780252    .3846121
         PARAGUAY  |  -.3581686   .0619674    -5.78   0.000    -.4796224   -.2367147
             PERU  |  -.0218016   .0624669    -0.35   0.727    -.1442343    .1006312
          URUGUAY  |   .0262635   .0638977     0.41   0.681    -.0989738    .1515007
        VENEZUELA  |  -.0970446   .0621892    -1.56   0.119    -.2189331     .024844
       COSTA RICA  |  -.0209215   .0653913    -0.32   0.749    -.1490861    .1072431
      EL SALVADOR  |  -.4369394   .0555377    -7.87   0.000    -.5457912   -.3280876
        GUATEMALA  |  -.0364025   .0704934    -0.52   0.606     -.174567    .1017621
         HONDURAS  |  -.3267627   .0629444    -5.19   0.000    -.4501314    -.203394
        NICARAGUA  |  -.5029634   .0517079    -9.73   0.000     -.604309   -.4016178
          BAHAMAS  |  -.2129607   .0714491    -2.98   0.003    -.3529983    -.072923
         BARBADOS  |  -.3728404   .0610767    -6.10   0.000    -.4925484   -.2531323
     CAYMAN ISLDS  |  -.5577855   .0448378   -12.44   0.000    -.6456659   -.4699051
             CUBA  |  -.1423883   .0686748    -2.07   0.038    -.2769885    -.007788
     DOMINICAN RP  |  -.3660896   .0591782    -6.19   0.000    -.4820768   -.2501024
GUADELOUPE (in..)  |   -.500121   .0513677    -9.74   0.000    -.6007998   -.3994421
            HAITI  |  -.4031269   .0554373    -7.27   0.000    -.5117819   -.2944719
          JAMAICA  |  -.3322602   .0659285    -5.04   0.000    -.4614775   -.2030428
    NETH ANTILLES  |  -.2951138   .0670191    -4.40   0.000    -.4264689   -.1637587
ST KITTS NEV (..)  |  -.4984932   .0490132   -10.17   0.000    -.5945573   -.4024292
  TRINIDAD-TOBAGO  |   -.241701   .0613485    -3.94   0.000    -.3619418   -.1214602
 TURKS CAICOS ISL  |  -.5712637   .0442968   -12.90   0.000    -.6580839   -.4844435
           BELIZE  |  -.5208941   .0489274   -10.65   0.000    -.6167901    -.424998
    FRENCH GUIANA  |  -.5442052   .0470721   -11.56   0.000    -.6364649   -.4519456
           GUYANA  |  -.4210988   .0533326    -7.90   0.000    -.5256289   -.3165688
           PANAMA  |  -.3612312   .0576306    -6.27   0.000    -.4741851   -.2482772
          SURINAM  |   -.472493   .0501829    -9.42   0.000    -.5708496   -.3741363
           ISRAEL  |   .0521906   .0733683     0.71   0.477    -.0916086    .1959899
            JAPAN  |   .4222635    .043942     9.61   0.000     .3361388    .5083882
          BAHRAIN  |  -.3357907   .0618966    -5.43   0.000    -.4571058   -.2144757
           CYPRUS  |  -.0462919   .0680525    -0.68   0.496    -.1796723    .0870885
             IRAN  |  -.2469612   .0627328    -3.94   0.000    -.3699152   -.1240071
             IRAQ  |  -.3306429   .0588395    -5.62   0.000    -.4459662   -.2153195
           JORDAN  |  -.2569893   .0623976    -4.12   0.000    -.3792864   -.1346923
           KUWAIT  |  -.3776598   .0534382    -7.07   0.000    -.4823968   -.2729227
          LEBANON  |   -.376441   .0567595    -6.63   0.000    -.4876876   -.2651944
             OMAN  |  -.4915906   .0477301   -10.30   0.000    -.5851398   -.3980414
            QATAR  |  -.4650868   .0505066    -9.21   0.000     -.564078   -.3660957
     SAUDI ARABIA  |  -.1261343   .0656531    -1.92   0.055    -.2548121    .0025434
     SYRN ARAB RP  |  -.3849798   .0587814    -6.55   0.000    -.5001892   -.2697704
     UNTD ARAB EM  |  -.3313401   .0593001    -5.59   0.000    -.4475661    -.215114
           TURKEY  |   .1850139   .0564149     3.28   0.001     .0744427    .2955851
            YEMEN  |  -.4599669   .0534589    -8.60   0.000    -.5647443   -.3551895
      AFGHANISTAN  |  -.4097291   .0575061    -7.12   0.000     -.522439   -.2970192
       BANGLADESH  |    .150607   .0618713     2.43   0.015     .0293415    .2718726
           BHUTAN  |  -.5736246   .0441369   -13.00   0.000    -.6601312   -.4871179
           BRUNEI  |  -.5026855   .0511193    -9.83   0.000    -.6028776   -.4024935
  MYANMAR (BURMA)  |  -.2005855   .0666334    -3.01   0.003    -.3311845   -.0699864
         CAMBODIA  |   -.541547   .0475715   -11.38   0.000    -.6347855   -.4483086
        SRI LANKA  |   .2380721   .0534227     4.46   0.000     .1333656    .3427786
        HONG KONG  |    .420194   .0439588     9.56   0.000     .3340364    .5063516
            INDIA  |   .4185897   .0439856     9.52   0.000     .3323795    .5047998
INDONESIA (inc..)  |   .3039979   .0501303     6.06   0.000     .2057442    .4022515
 KOREA RP (SOUTH)  |   .4028272   .0447726     9.00   0.000     .3150744    .4905799
     LAOS P.DEM.R  |  -.5477698   .0460825   -11.89   0.000    -.6380898   -.4574499
         MALAYSIA  |     .34757   .0471161     7.38   0.000     .2552242    .4399159
         MALDIVES  |  -.5420686   .0457569   -11.85   0.000    -.6317505   -.4523867
            NEPAL  |  -.4510324    .051695    -8.72   0.000    -.5523527   -.3497121
         PAKISTAN  |   .3893036   .0453545     8.58   0.000     .3004105    .4781967
      PHILIPPINES  |   .2783013   .0519123     5.36   0.000      .176555    .3800476
        SINGAPORE  |   .4188266   .0440013     9.52   0.000     .3325856    .5050677
         THAILAND  |   .4065484   .0442654     9.18   0.000     .3197898    .4933069
           TAIWAN  |   .4059823   .0446875     9.08   0.000     .3183964    .4935682
            CHINA  |   .1802854   .0605317     2.98   0.003     .0616455    .2989253
KOREA D P RP (..)  |   .0112451   .0738192     0.15   0.879    -.1334378     .155928
         MONGOLIA  |  -.4956354   .0516643    -9.59   0.000    -.5968956   -.3943751
          VIETNAM  |  -.3643973   .0618762    -5.89   0.000    -.4856724   -.2431221
     BELGIUM-LUX.  |   .4221833   .0439429     9.61   0.000     .3360568    .5083099
DENMARK (inclu..)  |   .4221817   .0439422     9.61   0.000     .3360565    .5083069
           FRANCE  |   .4222527   .0439422     9.61   0.000     .3361275    .5083779
          GERMANY  |   .4222584   .0439421     9.61   0.000     .3361335    .5083833
           GREECE  |   .3465534   .0485737     7.13   0.000     .2513507    .4417561
          IRELAND  |   .4126115   .0441542     9.34   0.000     .3260708    .4991522
            ITALY  |   .4222525   .0439422     9.61   0.000     .3361274    .5083776
      NETHERLANDS  |   .4222583   .0439421     9.61   0.000     .3361333    .5083832
         PORTUGAL  |   .4121759    .044162     9.33   0.000       .32562    .4987318
            SPAIN  |   .4217049   .0439476     9.60   0.000     .3355691    .5078407
   UNITED KINGDOM  |   .4222548   .0439422     9.61   0.000     .3361297    .5083799
          AUSTRIA  |   .4196919   .0439931     9.54   0.000     .3334669    .5059169
          FINLAND  |   .4132872   .0440993     9.37   0.000     .3268541    .4997203
          ICELAND  |  -.1735216   .0674847    -2.57   0.010    -.3057892   -.0412541
           NORWAY  |   .4205407     .04396     9.57   0.000     .3343807    .5067007
           SWEDEN  |   .4220839   .0439424     9.61   0.000     .3359583    .5082094
      SWITZERLAND  |   .4210431   .0439496     9.58   0.000     .3349034    .5071829
            MALTA  |  -.2200596   .0657448    -3.35   0.001     -.348917   -.0912023
          ALBANIA  |  -.4696389   .0532631    -8.82   0.000    -.5740326   -.3652452
         BULGARIA  |  -.0954346   .0641786    -1.49   0.137    -.2212224    .0303532
   CZECHOSLOVAKIA  |   .2657472   .0538695     4.93   0.000     .1601649    .3713294
          HUNGARY  |   .3356163   .0491128     6.83   0.000      .239357    .4318756
           POLAND  |   .2168993   .0578306     3.75   0.000     .1035534    .3302451
          ROMANIA  |   .0647626   .0630469     1.03   0.304     -.058807    .1883322
FM YUGOSLAVIA ..)  |   .3589148   .0475454     7.55   0.000     .2657275    .4521022
          FM USSR  |   .2137207   .0564215     3.79   0.000     .1031366    .3243048
        AUSTRALIA  |   .4150899   .0440084     9.43   0.000      .328835    .5013448
      NEW ZEALAND  |    .393719   .0446856     8.81   0.000     .3061369    .4813011
    SOLOMON ISLDS  |  -.5427116   .0467589   -11.61   0.000    -.6343575   -.4510658
             FIJI  |   -.409548   .0612833    -6.68   0.000     -.529661    -.289435
KIRIBATI (incl..)  |  -.5702799   .0441882   -12.91   0.000    -.6568872   -.4836727
NEW CALEDONIA ..)  |  -.3146443   .0657364    -4.79   0.000    -.4434852   -.1858033
   PAPUA N.GUINEA  |  -.2627698   .0677854    -3.88   0.000    -.3956268   -.1299129
                   |
           impcode |
          ALGERIA  |   .1980325    .074213     2.67   0.008     .0525778    .3434873
     LIBY ARAB JM  |   -.082589   .0749258    -1.10   0.270    -.2294408    .0642629
          MOROCCO  |   .2669289   .0672716     3.97   0.000      .135079    .3987788
   WESTERN SAHARA  |  -.4181509   .0532376    -7.85   0.000    -.5224947   -.3138071
            SUDAN  |  -.1973415   .0656266    -3.01   0.003    -.3259672   -.0687157
          TUNISIA  |   .2550112   .0687203     3.71   0.000     .1203219    .3897005
            EGYPT  |  -.0930875   .0717455    -1.30   0.194    -.2337061    .0475311
         CAMEROON  |    .189259   .0700278     2.70   0.007      .052007     .326511
CENTRAL AFR. REP.  |  -.3607847   .0561112    -6.43   0.000    -.4707606   -.2508088
             CHAD  |  -.3665779    .056488    -6.49   0.000    -.4772924   -.2558634
            CONGO  |   -.312971   .0611742    -5.12   0.000    -.4328702   -.1930718
            GABON  |  -.2604945   .0614599    -4.24   0.000    -.3809536   -.1400354
           ANGOLA  |  -.2008536   .0665363    -3.02   0.003    -.3312624   -.0704448
          BURUNDI  |  -.3638292   .0556535    -6.54   0.000    -.4729081   -.2547503
          COMOROS  |  -.3766225   .0559931    -6.73   0.000    -.4863669   -.2668781
            ZAIRE  |  -.1251269   .0692722    -1.81   0.071    -.2608978     .010644
            BENIN  |  -.2452726   .0631256    -3.89   0.000    -.3689965   -.1215487
       EQ. GUINEA  |  -.4026042   .0538948    -7.47   0.000    -.5082361   -.2969724
         ETHIOPIA  |   .0337152   .0751399     0.45   0.654    -.1135563    .1809866
         DJIBOUTI  |  -.1080887   .0756553    -1.43   0.153    -.2563705    .0401931
           GAMBIA  |  -.3157914   .0589762    -5.35   0.000    -.4313826   -.2002002
            GHANA  |  -.2307844   .0644876    -3.58   0.000    -.3571778   -.1043911
           GUINEA  |  -.2864299   .0618911    -4.63   0.000    -.4077342   -.1651255
    COTE D'IVOIRE  |  -.1267895   .0690574    -1.84   0.066    -.2621396    .0085606
            KENYA  |   .2226503   .0680361     3.27   0.001     .0893019    .3559986
          LIBERIA  |  -.1709329   .0653203    -2.62   0.009    -.2989584   -.0429073
       MADAGASCAR  |  -.1216056   .0728004    -1.67   0.095    -.2642917    .0210805
           MALAWI  |  -.2248016   .0687317    -3.27   0.001    -.3595134   -.0900899
             MALI  |  -.3289572   .0576501    -5.71   0.000    -.4419493   -.2159652
       MAURITANIA  |  -.3421459   .0570256    -6.00   0.000     -.453914   -.2303778
        MAURITIUS  |   -.166438   .0670483    -2.48   0.013    -.2978504   -.0350257
       MOZAMBIQUE  |  -.2241921    .067948    -3.30   0.001    -.3573677   -.0910164
            NIGER  |  -.3276696   .0585497    -5.60   0.000     -.442425   -.2129142
          NIGERIA  |   .2238573   .0707269     3.17   0.002     .0852351    .3624795
GUINEA-BISSAU ..)  |  -.3164334   .0606481    -5.22   0.000    -.4353015   -.1975652
          REUNION  |  -.0432471   .0760383    -0.57   0.570    -.1922796    .1057853
           RWANDA  |  -.3658955   .0555946    -6.58   0.000    -.4748589   -.2569321
          SENEGAL  |   .0835225   .0740892     1.13   0.260    -.0616897    .2287347
       SEYCHELLES  |  -.2661458   .0636437    -4.18   0.000    -.3908852   -.1414064
     SIERRA LEONE  |  -.2400604   .0636128    -3.77   0.000    -.3647393   -.1153815
          SOMALIA  |  -.3274441   .0575662    -5.69   0.000    -.4402717   -.2146165
         ZIMBABWE  |   .0907999   .0756966     1.20   0.230    -.0575626    .2391625
             TOGO  |    .026587   .0763051     0.35   0.728    -.1229684    .1761423
           UGANDA  |  -.3215215   .0582076    -5.52   0.000    -.4356063   -.2074367
 UNTD RP TANZANIA  |  -.1822105   .0638592    -2.85   0.004    -.3073723   -.0570487
     BURKINA FASO  |  -.3072948   .0615362    -4.99   0.000    -.4279035   -.1866861
           ZAMBIA  |  -.2082907   .0664237    -3.14   0.002    -.3384788   -.0781026
           CANADA  |   .5807568   .0532322    10.91   0.000     .4764236      .68509
              USA  |   .5817647   .0532357    10.93   0.000     .4774248    .6861047
          BERMUDA  |  -.2058064   .0694687    -2.96   0.003    -.3419626   -.0696502
        GREENLAND  |  -.3419945   .0629818    -5.43   0.000    -.4654366   -.2185525
        ARGENTINA  |   .1262916   .0702384     1.80   0.072    -.0113731    .2639563
          BOLIVIA  |  -.0060205   .0806816    -0.07   0.941    -.1641535    .1521125
           BRAZIL  |   .4112258    .062634     6.57   0.000     .2884655    .5339862
            CHILE  |    .276781   .0706912     3.92   0.000     .1382287    .4153332
         COLOMBIA  |    .290926   .0694274     4.19   0.000     .1548507    .4270013
          ECUADOR  |   .1875428   .0765277     2.45   0.014     .0375512    .3375344
           MEXICO  |   .4415879   .0609881     7.24   0.000     .3220535    .5611223
         PARAGUAY  |  -.1327431   .0718653    -1.85   0.065    -.2735965    .0081103
             PERU  |   .2296497   .0758554     3.03   0.002     .0809758    .3783235
          URUGUAY  |   .2213941   .0678686     3.26   0.001     .0883741    .3544141
        VENEZUELA  |   .2000529   .0697873     2.87   0.004     .0632722    .3368336
       COSTA RICA  |   .0011983   .0739284     0.02   0.987    -.1436987    .1460953
      EL SALVADOR  |  -.0870821   .0727092    -1.20   0.231    -.2295895    .0554252
        GUATEMALA  |   .1115771   .0751894     1.48   0.138    -.0357915    .2589457
         HONDURAS  |   .0608986   .0741014     0.82   0.411    -.0843376    .2061347
        NICARAGUA  |  -.1461289   .0736398    -1.98   0.047    -.2904602   -.0017976
          BAHAMAS  |   .0937645   .0811511     1.16   0.248    -.0652887    .2528176
         BARBADOS  |  -.0373484   .0740221    -0.50   0.614    -.1824289    .1077322
     CAYMAN ISLDS  |  -.3898401   .0550457    -7.08   0.000    -.4977278   -.2819525
             CUBA  |  -.2005665   .0729455    -2.75   0.006     -.343537    -.057596
     DOMINICAN RP  |  -.1104295   .0713215    -1.55   0.122    -.2502171     .029358
GUADELOUPE (in..)  |   .1423238   .0802638     1.77   0.076    -.0149904     .299638
            HAITI  |  -.0905565   .0701111    -1.29   0.196    -.2279718    .0468587
          JAMAICA  |   .1134025   .0783666     1.45   0.148    -.0401933    .2669982
    NETH ANTILLES  |  -.0785674   .0695658    -1.13   0.259    -.2149139    .0577791
ST KITTS NEV (..)  |   .0040832   .0824901     0.05   0.961    -.1575944    .1657608
  TRINIDAD-TOBAGO  |   .0500099   .0811587     0.62   0.538    -.1090583    .2090781
 TURKS CAICOS ISL  |  -.4127677    .053627    -7.70   0.000    -.5178747   -.3076608
           BELIZE  |  -.2546196   .0679106    -3.75   0.000    -.3877219   -.1215174
    FRENCH GUIANA  |  -.1366507   .0778083    -1.76   0.079    -.2891522    .0158508
           GUYANA  |  -.2584306    .064117    -4.03   0.000    -.3840977   -.1327635
           PANAMA  |   .1965845   .0710478     2.77   0.006     .0573333    .3358356
          SURINAM  |  -.2007241    .065799    -3.05   0.002    -.3296877   -.0717605
           ISRAEL  |   .0459631   .0843283     0.55   0.586    -.1193173    .2112435
            JAPAN  |   .5818194   .0532376    10.93   0.000     .4774756    .6861632
          BAHRAIN  |   .0773646   .0753896     1.03   0.305    -.0703963    .2251254
           CYPRUS  |   .2083412   .0697277     2.99   0.003     .0716774    .3450049
             IRAN  |  -.2068199   .0681272    -3.04   0.002    -.3403468   -.0732931
             IRAQ  |  -.2142373   .0686553    -3.12   0.002    -.3487992   -.0796755
           JORDAN  |   .2797879   .0727257     3.85   0.000     .1372482    .4223276
           KUWAIT  |  -.1469894   .0709338    -2.07   0.038    -.2860172   -.0079617
          LEBANON  |  -.1680379   .0689865    -2.44   0.015     -.303249   -.0328268
             OMAN  |   .0391342   .0763494     0.51   0.608    -.1105078    .1887762
            QATAR  |  -.2420635    .064562    -3.75   0.000    -.3686026   -.1155244
     SAUDI ARABIA  |   .2817013   .0683481     4.12   0.000     .1477415    .4156611
     SYRN ARAB RP  |   .1099671   .0726173     1.51   0.130    -.0323603    .2522944
     UNTD ARAB EM  |   .2117435   .0699321     3.03   0.002     .0746792    .3488079
           TURKEY  |   .3179525   .0680439     4.67   0.000     .1845888    .4513161
            YEMEN  |  -.1993906   .0676466    -2.95   0.003    -.3319755   -.0668058
      AFGHANISTAN  |  -.2966581    .060103    -4.94   0.000    -.4144578   -.1788584
       BANGLADESH  |   .1922979   .0703554     2.73   0.006     .0544039    .3301919
           BHUTAN  |  -.4155446   .0532915    -7.80   0.000    -.5199939   -.3110952
           BRUNEI  |  -.3314235   .0616199    -5.38   0.000    -.4521962   -.2106508
  MYANMAR (BURMA)  |  -.2460977   .0658509    -3.74   0.000     -.375163   -.1170323
         CAMBODIA  |   -.406245   .0538713    -7.54   0.000    -.5118307   -.3006592
        SRI LANKA  |   .2696009   .0678757     3.97   0.000     .1365669     .402635
        HONG KONG  |   .5306594   .0548117     9.68   0.000     .4232304    .6380883
            INDIA  |   .5165782   .0558477     9.25   0.000     .4071188    .6260376
INDONESIA (inc..)  |   .4392519   .0605068     7.26   0.000     .3206608    .5578429
 KOREA RP (SOUTH)  |   .5237914   .0565381     9.26   0.000     .4129788     .634604
     LAOS P.DEM.R  |  -.3917067   .0548821    -7.14   0.000    -.4992736   -.2841398
         MALAYSIA  |   .4053463   .0616403     6.58   0.000     .2845336     .526159
         MALDIVES  |  -.3772987   .0552098    -6.83   0.000     -.485508   -.2690894
            NEPAL  |  -.2663596   .0673567    -3.95   0.000    -.3983764   -.1343429
         PAKISTAN  |   .4641769   .0598517     7.76   0.000     .3468697     .581484
      PHILIPPINES  |   .3347444   .0652599     5.13   0.000     .2068373    .4626515
        SINGAPORE  |   .5519897   .0540432    10.21   0.000      .446067    .6579123
         THAILAND  |   .4405301   .0603907     7.29   0.000     .3221665    .5588938
           TAIWAN  |   .4703502   .0612648     7.68   0.000     .3502735    .5904269
            CHINA  |   .2913298   .0751426     3.88   0.000      .144053    .4386067
KOREA D P RP (..)  |  -.1009605   .0965263    -1.05   0.296    -.2901486    .0882277
         MONGOLIA  |  -.3685497   .0581286    -6.34   0.000    -.4824796   -.2546197
          VIETNAM  |  -.3396184   .0618352    -5.49   0.000    -.4608133   -.2184236
     BELGIUM-LUX.  |   .5795223   .0532474    10.88   0.000     .4751593    .6838853
DENMARK (inclu..)  |   .5634196   .0537851    10.48   0.000     .4580028    .6688364
           FRANCE  |   .5806339   .0532499    10.90   0.000      .476266    .6850019
          GERMANY  |   .5816072   .0532385    10.92   0.000     .4772615    .6859528
           GREECE  |   .5128189   .0560548     9.15   0.000     .4029536    .6226843
          IRELAND  |   .4771036   .0582254     8.19   0.000     .3629838    .5912233
            ITALY  |   .5806492   .0532438    10.91   0.000     .4762933    .6850051
      NETHERLANDS  |    .580106   .0532584    10.89   0.000     .4757215    .6844905
         PORTUGAL  |   .5404854   .0546346     9.89   0.000     .4334036    .6475672
            SPAIN  |    .578873   .0532634    10.87   0.000     .4744787    .6832672
   UNITED KINGDOM  |   .5816064   .0532389    10.92   0.000       .47726    .6859528
          AUSTRIA  |   .5691715   .0535032    10.64   0.000     .4643072    .6740358
          FINLAND  |   .4998483   .0573944     8.71   0.000     .3873573    .6123392
          ICELAND  |   .0402098   .0754953     0.53   0.594    -.1077582    .1881778
           NORWAY  |   .4985231    .057265     8.71   0.000     .3862857    .6107605
           SWEDEN  |    .574206   .0533489    10.76   0.000     .4696441    .6787678
      SWITZERLAND  |   .5763636   .0532922    10.82   0.000     .4719128    .6808143
            MALTA  |   .0006653   .0741977     0.01   0.993    -.1447595    .1460902
          ALBANIA  |  -.3448993   .0596699    -5.78   0.000    -.4618502   -.2279484
         BULGARIA  |  -.0350076   .0789537    -0.44   0.657     -.189754    .1197387
   CZECHOSLOVAKIA  |   .2942773   .0702252     4.19   0.000     .1566385    .4319162
          HUNGARY  |   .3538172   .0674705     5.24   0.000     .2215775    .4860569
           POLAND  |   .2272376   .0756191     3.01   0.003     .0790268    .3754483
          ROMANIA  |  -.0961387   .0757381    -1.27   0.204    -.2445826    .0523051
FM YUGOSLAVIA ..)  |   .4640535   .0595027     7.80   0.000     .3474303    .5806767
          FM USSR  |   .2687594   .0780576     3.44   0.001     .1157692    .4217495
        AUSTRALIA  |   .5607108   .0536026    10.46   0.000     .4556516      .66577
      NEW ZEALAND  |   .4747249   .0577772     8.22   0.000     .3614836    .5879662
    SOLOMON ISLDS  |  -.3528622   .0621844    -5.67   0.000    -.4747415    -.230983
             FIJI  |   .0550114   .0799374     0.69   0.491    -.1016631    .2116858
KIRIBATI (incl..)  |  -.3813985   .0560946    -6.80   0.000    -.4913418   -.2714552
NEW CALEDONIA ..)  |  -.0521597   .0806949    -0.65   0.518    -.2103188    .1059995
   PAPUA N.GUINEA  |   .0001896    .081432     0.00   0.998    -.1594141    .1597933
------------------------------------------------------------------------------------
Note: dy/dx for factor levels is the discrete change from the base level.

. 
. * write to file for use in tex
. outreg2 using "tables/t1.tex", keep(`vars') ///
>  stats(coef se) dec(3) append ///
>  addnote(Note: All predictors at their mean value)
warning: addnote ignored in appended columns
tables/t1.tex
dir : seeout

.  
. ********************************************************************************
. * Column 3
. * local to list variables for inclusion in regression
. local vars = "dist border island landlock legal lang colonial cu fta religion"

. 
. * running regression
. * fixed effects for exporter, importer, and year
. * standard errors clustered at the country-pair level
. quietly reg ln_trade `vars' i.expcode i.impcode i.year, vce(cluster pair)

. 
. * write to file for use in tex
. outreg2 using "tables/t1.tex", keep(`vars') ///
>  stats(coef se) dec(3) append
tables/t1.tex
dir : seeout

. 
. ********************************************************************************
. ** Replication of Table II, Column 1
. 
. clear all

. use "data\cleaned_part2.dta"

. 
. keep if year==1986
(112,815 observations deleted)

. 
. * local to list variables for inclusion in regression
. local vars = "dist border island landlock legal lang colonial cu fta religion reg_c
> osts reg_costs_procdays"

. 
. * regression
. quietly probit pos_trade `vars' i.expcode i.impcode, vce(cluster pair)

. 
. margins, dydx(`vars') atmeans post

Conditional marginal effects                    Number of obs     =     12,420
Model VCE    : Robust

Expression   : Pr(pos_trade), predict()
dy/dx w.r.t. : dist border island landlock legal lang colonial cu fta religion
               reg_costs reg_costs_procdays
at           : dist            =    4.181964 (mean)
               border          =    .0225443 (mean)
               island          =    .9902576 (mean)
               landlock        =    .9628019 (mean)
               legal           =    .3617552 (mean)
               lang            =    .2537037 (mean)
               colonial        =    .0086957 (mean)
               cu              =    .0086957 (mean)
               fta             =    .0066023 (mean)
               religion        =    .2147038 (mean)
               reg_costs       =    .3401771 (mean)
               reg_costs_~s    =    .1256039 (mean)
               117100.exp~e    =    .0092593 (mean)
               130120.exp~e    =    .0092593 (mean)
               135040.exp~e    =    .0092593 (mean)
               137880.exp~e    =    .0092593 (mean)
               138180.exp~e    =    .0092593 (mean)
               141200.exp~e    =    .0092593 (mean)
               141400.exp~e    =    .0092593 (mean)
               141480.exp~e    =    .0092593 (mean)
               160240.exp~e    =    .0092593 (mean)
               161080.exp~e    =    .0092593 (mean)
               162040.exp~e    =    .0092593 (mean)
               162300.exp~e    =    .0092593 (mean)
               162880.exp~e    =    .0092593 (mean)
               163240.exp~e    =    .0092593 (mean)
               163840.exp~e    =    .0092593 (mean)
               164040.exp~e    =    .0092593 (mean)
               164500.exp~e    =    .0092593 (mean)
               164540.exp~e    =    .0092593 (mean)
               164660.exp~e    =    .0092593 (mean)
               164780.exp~e    =    .0092593 (mean)
               165080.exp~e    =    .0092593 (mean)
               165620.exp~e    =    .0092593 (mean)
               165660.exp~e    =    .0092593 (mean)
               166460.exp~e    =    .0092593 (mean)
               166860.exp~e    =    .0092593 (mean)
               166940.exp~e    =    .0092593 (mean)
               167160.exp~e    =    .0092593 (mean)
               167680.exp~e    =    .0092593 (mean)
               168000.exp~e    =    .0092593 (mean)
               168340.exp~e    =    .0092593 (mean)
               168540.exp~e    =    .0092593 (mean)
               168940.exp~e    =    .0092593 (mean)
               211240.exp~e    =    .0092593 (mean)
               218400.exp~e    =    .0092593 (mean)
               330320.exp~e    =    .0092593 (mean)
               330680.exp~e    =    .0092593 (mean)
               330760.exp~e    =    .0092593 (mean)
               331520.exp~e    =    .0092593 (mean)
               331700.exp~e    =    .0092593 (mean)
               332180.exp~e    =    .0092593 (mean)
               334840.exp~e    =    .0092593 (mean)
               336000.exp~e    =    .0092593 (mean)
               336040.exp~e    =    .0092593 (mean)
               338580.exp~e    =    .0092593 (mean)
               338620.exp~e    =    .0092593 (mean)
               341880.exp~e    =    .0092593 (mean)
               342220.exp~e    =    .0092593 (mean)
               343200.exp~e    =    .0092593 (mean)
               343400.exp~e    =    .0092593 (mean)
               345580.exp~e    =    .0092593 (mean)
               352140.exp~e    =    .0092593 (mean)
               353320.exp~e    =    .0092593 (mean)
               353880.exp~e    =    .0092593 (mean)
               365900.exp~e    =    .0092593 (mean)
               413760.exp~e    =    .0092593 (mean)
               443640.exp~e    =    .0092593 (mean)
               444000.exp~e    =    .0092593 (mean)
               444140.exp~e    =    .0092593 (mean)
               444220.exp~e    =    .0092593 (mean)
               445120.exp~e    =    .0092593 (mean)
               446820.exp~e    =    .0092593 (mean)
               447600.exp~e    =    .0092593 (mean)
               447840.exp~e    =    .0092593 (mean)
               447920.exp~e    =    .0092593 (mean)
               448870.exp~e    =    .0092593 (mean)
               450500.exp~e    =    .0092593 (mean)
               450640.exp~e    =    .0092593 (mean)
               451160.exp~e    =    .0092593 (mean)
               451440.exp~e    =    .0092593 (mean)
               453560.exp~e    =    .0092593 (mean)
               453600.exp~e    =    .0092593 (mean)
               454100.exp~e    =    .0092593 (mean)
               454180.exp~e    =    .0092593 (mean)
               454580.exp~e    =    .0092593 (mean)
               454620.exp~e    =    .0092593 (mean)
               455240.exp~e    =    .0092593 (mean)
               455860.exp~e    =    .0092593 (mean)
               456080.exp~e    =    .0092593 (mean)
               457020.exp~e    =    .0092593 (mean)
               457640.exp~e    =    .0092593 (mean)
               458960.exp~e    =    .0092593 (mean)
               481560.exp~e    =    .0092593 (mean)
               484960.exp~e    =    .0092593 (mean)
               487040.exp~e    =    .0092593 (mean)
               530560.exp~e    =    .0092593 (mean)
               532080.exp~e    =    .0092593 (mean)
               533000.exp~e    =    .0092593 (mean)
               533720.exp~e    =    .0092593 (mean)
               536200.exp~e    =    .0092593 (mean)
               537240.exp~e    =    .0092593 (mean)
               550400.exp~e    =    .0092593 (mean)
               552460.exp~e    =    .0092593 (mean)
               555780.exp~e    =    .0092593 (mean)
               557560.exp~e    =    .0092593 (mean)
               580080.exp~e    =    .0092593 (mean)
               581000.exp~e    =    .0092593 (mean)
               582000.exp~e    =    .0092593 (mean)
               583480.exp~e    =    .0092593 (mean)
               586160.exp~e    =    .0092593 (mean)
               586420.exp~e    =    .0092593 (mean)
               598900.exp~e    =    .0092593 (mean)
               688100.exp~e    =    .0092593 (mean)
               710360.exp~e    =    .0092593 (mean)
               715540.exp~e    =    .0092593 (mean)
               720900.exp~e    =    .0092593 (mean)
               722420.exp~e    =    .0092593 (mean)
               722960.exp~e    =    .0092593 (mean)
               725980.exp~e    =    .0092593 (mean)
               117100.imp~e    =    .0086151 (mean)
               130120.imp~e    =    .0086151 (mean)
               135040.imp~e    =    .0086151 (mean)
               137880.imp~e    =    .0086151 (mean)
               138180.imp~e    =    .0086151 (mean)
               141200.imp~e    =    .0086151 (mean)
               141400.imp~e    =    .0086151 (mean)
               141480.imp~e    =    .0086151 (mean)
               141780.imp~e    =    .0086957 (mean)
               160240.imp~e    =    .0086151 (mean)
               161080.imp~e    =    .0086151 (mean)
               162040.imp~e    =    .0086151 (mean)
               162300.imp~e    =    .0086151 (mean)
               162880.imp~e    =    .0086151 (mean)
               163240.imp~e    =    .0086151 (mean)
               163840.imp~e    =    .0086151 (mean)
               164040.imp~e    =    .0086151 (mean)
               164500.imp~e    =    .0086151 (mean)
               164540.imp~e    =    .0086151 (mean)
               164660.imp~e    =    .0086151 (mean)
               164780.imp~e    =    .0086151 (mean)
               165080.imp~e    =    .0086151 (mean)
               165620.imp~e    =    .0086151 (mean)
               165660.imp~e    =    .0086151 (mean)
               166460.imp~e    =    .0086151 (mean)
               166860.imp~e    =    .0086151 (mean)
               166940.imp~e    =    .0086151 (mean)
               167160.imp~e    =    .0086151 (mean)
               167680.imp~e    =    .0086151 (mean)
               168000.imp~e    =    .0086151 (mean)
               168340.imp~e    =    .0086151 (mean)
               168540.imp~e    =    .0086151 (mean)
               168940.imp~e    =    .0086151 (mean)
               211240.imp~e    =    .0086151 (mean)
               218400.imp~e    =    .0086151 (mean)
               330320.imp~e    =    .0086151 (mean)
               330680.imp~e    =    .0086151 (mean)
               330760.imp~e    =    .0086151 (mean)
               331520.imp~e    =    .0086151 (mean)
               331700.imp~e    =    .0086151 (mean)
               332180.imp~e    =    .0086151 (mean)
               334840.imp~e    =    .0086151 (mean)
               336000.imp~e    =    .0086151 (mean)
               336040.imp~e    =    .0086151 (mean)
               338580.imp~e    =    .0086151 (mean)
               338620.imp~e    =    .0086151 (mean)
               341880.imp~e    =    .0086151 (mean)
               342220.imp~e    =    .0086151 (mean)
               343200.imp~e    =    .0086151 (mean)
               343400.imp~e    =    .0086151 (mean)
               345580.imp~e    =    .0086151 (mean)
               352140.imp~e    =    .0086151 (mean)
               353320.imp~e    =    .0086151 (mean)
               353880.imp~e    =    .0086151 (mean)
               365900.imp~e    =    .0086151 (mean)
               413760.imp~e    =    .0086151 (mean)
               443640.imp~e    =    .0086151 (mean)
               444000.imp~e    =    .0086151 (mean)
               444140.imp~e    =    .0086151 (mean)
               444220.imp~e    =    .0086151 (mean)
               445120.imp~e    =    .0086151 (mean)
               446820.imp~e    =    .0086151 (mean)
               447600.imp~e    =    .0086151 (mean)
               447840.imp~e    =    .0086151 (mean)
               447920.imp~e    =    .0086151 (mean)
               448870.imp~e    =    .0086151 (mean)
               450500.imp~e    =    .0086151 (mean)
               450640.imp~e    =    .0086151 (mean)
               451160.imp~e    =    .0086151 (mean)
               451440.imp~e    =    .0086151 (mean)
               453440.imp~e    =    .0086957 (mean)
               453560.imp~e    =    .0086151 (mean)
               453600.imp~e    =    .0086151 (mean)
               454100.imp~e    =    .0086151 (mean)
               454180.imp~e    =    .0086151 (mean)
               454580.imp~e    =    .0086151 (mean)
               454620.imp~e    =    .0086151 (mean)
               455240.imp~e    =    .0086151 (mean)
               455860.imp~e    =    .0086151 (mean)
               456080.imp~e    =    .0086151 (mean)
               457020.imp~e    =    .0086151 (mean)
               457640.imp~e    =    .0086151 (mean)
               458960.imp~e    =    .0086151 (mean)
               481560.imp~e    =    .0086151 (mean)
               484960.imp~e    =    .0086151 (mean)
               487040.imp~e    =    .0086151 (mean)
               530560.imp~e    =    .0086151 (mean)
               532080.imp~e    =    .0086151 (mean)
               532500.imp~e    =    .0086957 (mean)
               532800.imp~e    =    .0086957 (mean)
               533000.imp~e    =    .0086151 (mean)
               533720.imp~e    =    .0086151 (mean)
               533800.imp~e    =    .0086957 (mean)
               535280.imp~e    =    .0086957 (mean)
               536200.imp~e    =    .0086151 (mean)
               537240.imp~e    =    .0086151 (mean)
               538260.imp~e    =    .0086957 (mean)
               550400.imp~e    =    .0086151 (mean)
               552460.imp~e    =    .0086151 (mean)
               555780.imp~e    =    .0086151 (mean)
               557520.imp~e    =    .0086957 (mean)
               557560.imp~e    =    .0086151 (mean)
               580080.imp~e    =    .0086151 (mean)
               581000.imp~e    =    .0086151 (mean)
               582000.imp~e    =    .0086151 (mean)
               583480.imp~e    =    .0086151 (mean)
               586160.imp~e    =    .0086151 (mean)
               586420.imp~e    =    .0086151 (mean)
               598900.imp~e    =    .0086151 (mean)
               688100.imp~e    =    .0086151 (mean)
               710360.imp~e    =    .0086151 (mean)
               715540.imp~e    =    .0086151 (mean)
               720900.imp~e    =    .0086151 (mean)
               722420.imp~e    =    .0086151 (mean)
               722960.imp~e    =    .0086151 (mean)
               725980.imp~e    =    .0086151 (mean)

------------------------------------------------------------------------------------
                   |            Delta-method
                   |      dy/dx   Std. Err.      z    P>|z|     [95% Conf. Interval]
-------------------+----------------------------------------------------------------
              dist |   -.219316   .0158163   -13.87   0.000    -.2503153   -.1883167
            border |  -.0899836   .0680315    -1.32   0.186    -.2233229    .0433557
            island |  -.1948268   .0662261    -2.94   0.003    -.3246277    -.065026
          landlock |  -.0598828    .049625    -1.21   0.228     -.157146    .0373803
             legal |   .0544748   .0189158     2.88   0.004     .0174005    .0915491
              lang |   .1017293   .0226431     4.49   0.000     .0573497    .1461089
          colonial |  -.0091246   .1303112    -0.07   0.944    -.2645299    .2462807
                cu |   .2762624   .0676616     4.08   0.000     .1436482    .4088767
               fta |    .977447   .1889848     5.17   0.000     .6070436     1.34785
          religion |   .1467343   .0338457     4.34   0.000     .0803979    .2130707
         reg_costs |  -.1068333   .0353764    -3.02   0.003    -.1761697   -.0374969
reg_costs_procdays |  -.0667762   .0296726    -2.25   0.024    -.1249334   -.0086189
------------------------------------------------------------------------------------

. 
. * write to file for use in tex
. outreg2 using "tables/t2c1.tex", keep(`vars') ///
>  side noparen stats(coef se) dec(3) replace ///
>  addnote(Note: All predictors at their mean value)
tables/t2c1.tex
dir : seeout

.  
. ********************************************************************************
. ** Heckman Correction Model and Table II, Column 4
. set matsize 11000

. 
. local fs_vars = "dist border island landlock legal lang colonial cu fta religion re
> g_costs reg_costs_procdays"

. local ss_vars = "dist border island landlock legal lang colonial cu fta religion"

. 
. heckman ln_trade `ss_vars' i.expcode i.impcode, ///
> select(pos_trade = `fs_vars' i.expcode i.impcode) twostep mills(mills_heckman)

Heckman selection model -- two-step estimates   Number of obs     =     12,535
(regression model with sample selection)              Selected    =      6,645
                                                      Nonselected =      5,890

                                                Wald chi2(232)    =    9048.82
                                                Prob > chi2       =     0.0000

------------------------------------------------------------------------------------
                   |      Coef.   Std. Err.      z    P>|z|     [95% Conf. Interval]
-------------------+----------------------------------------------------------------
ln_trade           |
              dist |  -1.165297   .0368415   -31.63   0.000    -1.237505   -1.093089
            border |   .6142346   .1371236     4.48   0.000     .3454774    .8829919
            island |  -.5767191   .2284588    -2.52   0.012     -1.02449   -.1289481
          landlock |  -.4282267   .1693242    -2.53   0.011    -.7600961   -.0963573
             legal |   .5425849   .0544568     9.96   0.000     .4358515    .6493183
              lang |   .1360767   .0706298     1.93   0.054    -.0023551    .2745086
          colonial |   .9109055    .188116     4.84   0.000      .542205    1.279606
                cu |   1.498588    .279467     5.36   0.000     .9508427    2.046333
               fta |   .9704051   .2143697     4.53   0.000     .5502482    1.390562
          religion |   .2953956   .1103372     2.68   0.007     .0791386    .5116526
                   |
           expcode |
          ALGERIA  |  -1.243679   .3210789    -3.87   0.000    -1.872982    -.614376
          MOROCCO  |  -1.576266    .279111    -5.65   0.000    -2.123314   -1.029219
          TUNISIA  |  -2.584886   .2904161    -8.90   0.000    -3.154091   -2.015681
            EGYPT  |  -2.134676   .2955276    -7.22   0.000      -2.7139   -1.555453
         CAMEROON  |  -3.480466    .306763   -11.35   0.000    -4.081711   -2.879222
CENTRAL AFR. REP.  |  -4.330812   .3891598   -11.13   0.000    -5.093551   -3.568073
             CHAD  |  -4.900465    .427792   -11.46   0.000    -5.738922   -4.062008
           ANGOLA  |  -2.081276   .4132767    -5.04   0.000    -2.891283   -1.271268
          BURUNDI  |  -4.575999   .3960368   -11.55   0.000    -5.352217   -3.799781
            BENIN  |  -4.625202   .3658487   -12.64   0.000    -5.342252   -3.908151
         ETHIOPIA  |  -3.517416   .3667575    -9.59   0.000    -4.236247   -2.798584
            GHANA  |  -3.106163   .3242723    -9.58   0.000    -3.741725   -2.470601
           GUINEA  |  -4.083627   .3617741   -11.29   0.000    -4.792691   -3.374562
    COTE D'IVOIRE  |  -1.557475   .3066678    -5.08   0.000    -2.158533   -.9564172
            KENYA  |  -1.895261   .2812998    -6.74   0.000    -2.446598   -1.343923
       MADAGASCAR  |  -3.692102    .352497   -10.47   0.000    -4.382983   -3.001221
           MALAWI  |  -3.276977   .3260666   -10.05   0.000    -3.916056   -2.637898
             MALI  |  -4.288063   .3662346   -11.71   0.000     -5.00587   -3.570257
       MAURITANIA  |  -4.489102    .384048   -11.69   0.000    -5.241822   -3.736381
       MOZAMBIQUE  |  -3.814777   .3351146   -11.38   0.000    -4.471589   -3.157964
            NIGER  |  -5.832662   .4131542   -14.12   0.000    -6.642429   -5.022895
          NIGERIA  |  -2.210883   .3065397    -7.21   0.000     -2.81169   -1.610076
           RWANDA  |  -3.471831   .4268043    -8.13   0.000    -4.308352    -2.63531
          SENEGAL  |  -3.254433   .3128087   -10.40   0.000    -3.867526   -2.641339
     SIERRA LEONE  |  -4.847316   .3650954   -13.28   0.000     -5.56289   -4.131742
         ZIMBABWE  |  -1.630784   .2772556    -5.88   0.000    -2.174195   -1.087373
             TOGO  |  -3.825025   .3252074   -11.76   0.000    -4.462419    -3.18763
           UGANDA  |  -3.462585    .358288    -9.66   0.000    -4.164817   -2.760353
 UNTD RP TANZANIA  |  -2.782287    .318155    -8.75   0.000     -3.40586   -2.158715
     BURKINA FASO  |  -5.517757   .4120261   -13.39   0.000    -6.325314   -4.710201
           ZAMBIA  |  -2.756292   .3245555    -8.49   0.000    -3.392409   -2.120175
           CANADA  |   2.484699   .2646269     9.39   0.000      1.96604    3.003358
              USA  |   4.688904   .2640844    17.76   0.000     4.171308    5.206499
        ARGENTINA  |   .7454287   .2730851     2.73   0.006     .2101917    1.280666
          BOLIVIA  |  -3.444437   .3687773    -9.34   0.000    -4.167227   -2.721647
           BRAZIL  |   1.904889   .2662559     7.15   0.000     1.383037    2.426741
            CHILE  |   .0460826   .2861786     0.16   0.872    -.5148172    .6069824
         COLOMBIA  |  -1.102334   .2895061    -3.81   0.000    -1.669756   -.5349125
          ECUADOR  |  -2.013118   .3124936    -6.44   0.000    -2.625594   -1.400641
           MEXICO  |  -.0230972     .28217    -0.08   0.935    -.5761402    .5299458
         PARAGUAY  |  -2.975204   .3550137    -8.38   0.000    -3.671018    -2.27939
             PERU  |  -.7472571   .3027031    -2.47   0.014    -1.340544     -.15397
          URUGUAY  |  -1.311156   .2977168    -4.40   0.000     -1.89467    -.727642
        VENEZUELA  |  -.8811543   .3075197    -2.87   0.004    -1.483882   -.2784267
       COSTA RICA  |   -2.04747   .3033662    -6.75   0.000    -2.642057   -1.452883
      EL SALVADOR  |  -3.441871   .3688715    -9.33   0.000    -4.164846   -2.718897
        GUATEMALA  |  -2.020176   .3060442    -6.60   0.000    -2.620011    -1.42034
         HONDURAS  |  -2.974278   .3423753    -8.69   0.000    -3.645322   -2.303235
        NICARAGUA  |  -3.696637   .3923998    -9.42   0.000    -4.465727   -2.927548
     DOMINICAN RP  |  -3.302517    .344661    -9.58   0.000     -3.97804   -2.626994
            HAITI  |  -4.581656   .3566172   -12.85   0.000    -5.280613   -3.882699
          JAMAICA  |  -3.292066   .3628804    -9.07   0.000    -4.003299   -2.580833
           PANAMA  |  -3.050083   .3419755    -8.92   0.000    -3.720342   -2.379823
           ISRAEL  |  -.2606431   .2807728    -0.93   0.353    -.8109477    .2896615
             IRAN  |   -.664646   .3150462    -2.11   0.035    -1.282125   -.0471668
           JORDAN  |  -2.917015   .3051648    -9.56   0.000    -3.515127   -2.318903
           KUWAIT  |  -1.567001    .317358    -4.94   0.000    -2.189012   -.9449911
          LEBANON  |  -3.939193   .3172534   -12.42   0.000    -4.560998   -3.317388
             OMAN  |  -3.551786   .3582266    -9.91   0.000    -4.253898   -2.849675
     SAUDI ARABIA  |   .3779351   .2975482     1.27   0.204    -.2052486    .9611189
     SYRN ARAB RP  |  -3.411767   .3337286   -10.22   0.000    -4.065863   -2.757671
     UNTD ARAB EM  |  -.8164626   .3227222    -2.53   0.011    -1.448986   -.1839388
           TURKEY  |  -1.031346   .2779216    -3.71   0.000    -1.576062   -.4866295
            YEMEN  |  -4.817186   .3628272   -13.28   0.000    -5.528314   -4.106057
       BANGLADESH  |  -1.498174   .2807701    -5.34   0.000    -2.048473   -.9478746
           BHUTAN  |  -5.998798   .6451899    -9.30   0.000    -7.263347   -4.734249
         CAMBODIA  |  -5.778611   .4558702   -12.68   0.000    -6.672101   -4.885122
        SRI LANKA  |  -1.550864   .2788206    -5.56   0.000    -2.097343   -1.004386
            INDIA  |   .4385853   .2656162     1.65   0.099    -.0820128    .9591835
INDONESIA (inc..)  |   .1588446   .2759415     0.58   0.565    -.3819908      .69968
 KOREA RP (SOUTH)  |   2.497596   .2693831     9.27   0.000     1.969614    3.025577
     LAOS P.DEM.R  |  -5.649108   .4366556   -12.94   0.000    -6.504937   -4.793279
         MALAYSIA  |   .4200719   .2716859     1.55   0.122    -.1124228    .9525665
         MALDIVES  |  -6.387526   .4208823   -15.18   0.000     -7.21244   -5.562612
            NEPAL  |  -4.325547   .3658005   -11.82   0.000    -5.042503   -3.608591
         PAKISTAN  |  -.4905125   .2693477    -1.82   0.069    -1.018424    .0373992
      PHILIPPINES  |  -1.142983   .2799519    -4.08   0.000    -1.691679   -.5942874
        SINGAPORE  |   1.420699   .2643204     5.37   0.000     .9026408    1.938758
         THAILAND  |   .4620791   .2644441     1.75   0.081    -.0562218    .9803799
           TAIWAN  |   2.228303   .2694036     8.27   0.000     1.700282    2.756324
            CHINA  |   .8635041   .2927814     2.95   0.003     .2896631    1.437345
         MONGOLIA  |  -4.423396   .4059135   -10.90   0.000    -5.218972    -3.62782
          VIETNAM  |  -2.878707   .3413746    -8.43   0.000    -3.547789   -2.209625
     BELGIUM-LUX.  |   1.989494   .2650582     7.51   0.000     1.469989    2.508998
DENMARK (inclu..)  |   1.171984   .2640655     4.44   0.000     .6544249    1.689543
           GREECE  |   -1.49134   .2704774    -5.51   0.000    -2.021466   -.9612138
          IRELAND  |  -.0047953   .2664672    -0.02   0.986    -.5270614    .5174708
         PORTUGAL  |  -.7388304   .2705749    -2.73   0.006    -1.269147   -.2085132
            SPAIN  |   1.323321   .2678193     4.94   0.000     .7984048    1.848237
          AUSTRIA  |   .9431191   .2699455     3.49   0.000     .4140356    1.472203
          FINLAND  |   .7837268   .2669506     2.94   0.003     .2605132     1.30694
           NORWAY  |   .6112548   .2658345     2.30   0.021     .0902287    1.132281
      SWITZERLAND  |   1.926027   .2661604     7.24   0.000     1.404362    2.447692
          ALBANIA  |  -4.481157   .3604183   -12.43   0.000    -5.187564   -3.774751
         BULGARIA  |  -1.667867   .2985285    -5.59   0.000    -2.252972   -1.082762
   CZECHOSLOVAKIA  |   .1047486   .2765429     0.38   0.705    -.4372655    .6467627
          HUNGARY  |  -.6358805   .2708204    -2.35   0.019    -1.166679   -.1050823
           POLAND  |  -.3075982   .2798999    -1.10   0.272     -.856192    .2409956
          ROMANIA  |  -.2901719   .2904834    -1.00   0.318     -.859509    .2791652
FM YUGOSLAVIA ..)  |  -.3640431   .2691775    -1.35   0.176    -.8916214    .1635351
          FM USSR  |   1.820914   .2885896     6.31   0.000     1.255288    2.386539
        AUSTRALIA  |   1.317063   .2662211     4.95   0.000     .7952794    1.838847
      NEW ZEALAND  |   .7595765    .275068     2.76   0.006     .2204531      1.2987
    SOLOMON ISLDS  |  -4.371553   .4708425    -9.28   0.000    -5.294387   -3.448718
             FIJI  |  -4.086383   .3839745   -10.64   0.000    -4.838959   -3.333807
KIRIBATI (incl..)  |   -6.22161    .541798   -11.48   0.000    -7.283515   -5.159706
   PAPUA N.GUINEA  |  -2.808941   .3460028    -8.12   0.000    -3.487094   -2.130788
                   |
           impcode |
          ALGERIA  |      .1492   .3275985     0.46   0.649    -.4928813    .7912812
          MOROCCO  |  -.0741795   .3256888    -0.23   0.820    -.7125178    .5641589
          TUNISIA  |  -.6890362   .3289961    -2.09   0.036    -1.333857   -.0442157
            EGYPT  |   .5451984    .344615     1.58   0.114    -.1302345    1.220631
         CAMEROON  |  -1.768993   .3225229    -5.48   0.000    -2.401126    -1.13686
CENTRAL AFR. REP.  |  -4.207611   .4132279   -10.18   0.000    -5.017523   -3.397699
             CHAD  |  -4.849091   .4290322   -11.30   0.000    -5.689978   -4.008203
            CONGO  |  -3.019351   .4045886    -7.46   0.000     -3.81233   -2.226372
           ANGOLA  |  -1.546019   .3817957    -4.05   0.000    -2.294325   -.7977133
          BURUNDI  |  -4.113126   .4231729    -9.72   0.000     -4.94253   -3.283722
            BENIN  |   -2.54412   .3748928    -6.79   0.000    -3.278896   -1.809343
         ETHIOPIA  |   -1.64804   .3455548    -4.77   0.000    -2.325315   -.9707648
            GHANA  |  -1.955996   .3688636    -5.30   0.000    -2.678955   -1.233037
           GUINEA  |  -2.532106   .3981632    -6.36   0.000    -3.312491    -1.75172
    COTE D'IVOIRE  |  -1.154986    .355657    -3.25   0.001    -1.852061   -.4579112
            KENYA  |  -.8537002   .3288087    -2.60   0.009    -1.498153   -.2092469
       MADAGASCAR  |   -2.97051   .3655018    -8.13   0.000     -3.68688   -2.254139
           MALAWI  |  -2.987582   .3782039    -7.90   0.000    -3.728848   -2.246316
             MALI  |  -3.393741   .3992744    -8.50   0.000    -4.176304   -2.611177
       MAURITANIA  |  -3.362828   .4068717    -8.27   0.000    -4.160282   -2.565374
       MOZAMBIQUE  |  -1.632662   .3845349    -4.25   0.000    -2.386337   -.8789878
            NIGER  |  -3.529919   .3951113    -8.93   0.000    -4.304323   -2.755515
          NIGERIA  |  -.3071473    .327697    -0.94   0.349    -.9494216     .335127
           RWANDA  |  -3.389435   .4167451    -8.13   0.000    -4.206241    -2.57263
          SENEGAL  |  -2.177651   .3372564    -6.46   0.000    -2.838662   -1.516641
     SIERRA LEONE  |  -3.579021   .3743568    -9.56   0.000    -4.312747   -2.845295
         ZIMBABWE  |  -2.118854   .3464606    -6.12   0.000    -2.797904   -1.439804
             TOGO  |  -2.824244   .3464213    -8.15   0.000    -3.503217    -2.14527
           UGANDA  |  -3.219261   .3872057    -8.31   0.000     -3.97817   -2.460351
 UNTD RP TANZANIA  |  -1.519327   .3615806    -4.20   0.000    -2.228012   -.8106421
     BURKINA FASO  |  -3.633236   .3953674    -9.19   0.000    -4.408142    -2.85833
           ZAMBIA  |  -2.268875   .3747703    -6.05   0.000    -3.003411   -1.534338
           CANADA  |   2.691325   .3066745     8.78   0.000     2.090254    3.292396
              USA  |   5.463921   .3059005    17.86   0.000     4.864367    6.063475
        ARGENTINA  |    .030701   .3368081     0.09   0.927    -.6294307    .6908327
          BOLIVIA  |   -2.40691   .3548185    -6.78   0.000    -3.102342   -1.711479
           BRAZIL  |    1.38166   .3204494     4.31   0.000     .7535903    2.009729
            CHILE  |  -.0052224   .3353607    -0.02   0.988    -.6625172    .6520724
         COLOMBIA  |  -.7276039   .3312686    -2.20   0.028    -1.376878   -.0783294
          ECUADOR  |  -.8414485   .3398989    -2.48   0.013    -1.507638   -.1752589
           MEXICO  |  -.0026672   .3282309    -0.01   0.994    -.6459878    .6406535
         PARAGUAY  |  -3.071176   .3681779    -8.34   0.000    -3.792792   -2.349561
             PERU  |  -.2571481   .3397586    -0.76   0.449    -.9230626    .4087664
          URUGUAY  |  -1.139127   .3364077    -3.39   0.001    -1.798474   -.4797803
        VENEZUELA  |  -.2299307   .3359146    -0.68   0.494    -.8883112    .4284498
       COSTA RICA  |  -1.792687   .3527098    -5.08   0.000    -2.483986   -1.101389
      EL SALVADOR  |  -2.141995    .360969    -5.93   0.000    -2.849482   -1.434509
        GUATEMALA  |  -1.741261   .3460358    -5.03   0.000    -2.419479   -1.063044
         HONDURAS  |  -2.356446   .3514064    -6.71   0.000     -3.04519   -1.667702
        NICARAGUA  |  -1.611581   .3654361    -4.41   0.000    -2.327823   -.8953397
     DOMINICAN RP  |  -1.644417   .3627905    -4.53   0.000    -2.355474   -.9333608
            HAITI  |   -2.79181   .3675203    -7.60   0.000    -3.512136   -2.071483
          JAMAICA  |  -2.201667   .3469127    -6.35   0.000    -2.881603   -1.521731
           PANAMA  |  -.5406327   .3339667    -1.62   0.105    -1.195195    .1139301
           ISRAEL  |  -.2636597   .3393176    -0.78   0.437    -.9287101    .4013906
             IRAN  |   1.230973   .3729764     3.30   0.001     .4999522    1.961993
           JORDAN  |  -.7801308   .3179358    -2.45   0.014    -1.403273   -.1569882
           KUWAIT  |   .2065287   .3495186     0.59   0.555    -.4785151    .8915725
          LEBANON  |   -1.16682   .3516598    -3.32   0.001    -1.856061   -.4775799
             OMAN  |  -1.470403   .3377226    -4.35   0.000    -2.132328   -.8084793
     SAUDI ARABIA  |    1.25844   .3237406     3.89   0.000     .6239198     1.89296
     SYRN ARAB RP  |  -.7810457   .3325915    -2.35   0.019    -1.432913   -.1291784
     UNTD ARAB EM  |   .1177332   .3273125     0.36   0.719    -.5237875    .7592538
           TURKEY  |    .598183   .3253913     1.84   0.066    -.0395723    1.235938
            YEMEN  |  -.4850285   .3697672    -1.31   0.190    -1.209759    .2397019
       BANGLADESH  |  -.4355845   .3377609    -1.29   0.197    -1.097584    .2264147
           BHUTAN  |  -4.754484    .622778    -7.63   0.000    -5.975106   -3.533861
         CAMBODIA  |  -5.020487   .5200028    -9.65   0.000    -6.039674   -4.001301
        SRI LANKA  |  -.6534111    .330339    -1.98   0.048    -1.300864   -.0059585
        HONG KONG  |   1.357336     .31319     4.33   0.000     .7434948    1.971177
            INDIA  |   1.787104   .3185612     5.61   0.000     1.162736    2.411473
INDONESIA (inc..)  |   .9203244   .3204229     2.87   0.004     .2923071    1.548342
 KOREA RP (SOUTH)  |   2.337919   .3190864     7.33   0.000     1.712521    2.963317
     LAOS P.DEM.R  |  -5.177577   .4565253   -11.34   0.000     -6.07235   -4.282804
         MALAYSIA  |   .7201015   .3236687     2.22   0.026     .0857225    1.354481
         MALDIVES  |  -4.585096     .45125   -10.16   0.000    -5.469529   -3.700662
            NEPAL  |  -2.964648   .3959321    -7.49   0.000    -3.740661   -2.188636
         PAKISTAN  |   .4052474    .321437     1.26   0.207    -.2247576    1.035252
      PHILIPPINES  |   .0539315   .3278176     0.16   0.869    -.5885793    .6964422
        SINGAPORE  |   1.418656   .3116169     4.55   0.000      .807898    2.029414
         THAILAND  |   1.407098   .3207876     4.39   0.000     .7783661     2.03583
           TAIWAN  |    2.54609   .3207197     7.94   0.000     1.917491    3.174689
            CHINA  |   2.800863   .3403956     8.23   0.000       2.1337    3.468026
         MONGOLIA  |  -3.575946   .4647973    -7.69   0.000    -4.486932    -2.66496
          VIETNAM  |  -2.311023   .4164873    -5.55   0.000    -3.127323   -1.494723
     BELGIUM-LUX.  |   2.792879   .3062118     9.12   0.000     2.192715    3.393043
DENMARK (inclu..)  |   .9713765   .3156543     3.08   0.002     .3527054    1.590048
           FRANCE  |   3.542277   .3085065    11.48   0.000     2.937615    4.146938
          GERMANY  |    4.47234   .3078378    14.53   0.000     3.868989    5.075691
           GREECE  |    .403739   .3113178     1.30   0.195    -.2064326    1.013911
          IRELAND  |   .2528759    .313659     0.81   0.420    -.3618844    .8676363
            ITALY  |     3.3931   .3080554    11.01   0.000     2.789322    3.996877
      NETHERLANDS  |   3.048609   .3080176     9.90   0.000     2.444906    3.652313
         PORTUGAL  |   .8769565   .3121348     2.81   0.005     .2651834     1.48873
            SPAIN  |   2.482365   .3089861     8.03   0.000     1.876763    3.087966
   UNITED KINGDOM  |   3.620218   .3100685    11.68   0.000     3.012494    4.227941
          AUSTRIA  |   1.117404   .3111657     3.59   0.000     .5075301    1.727277
          FINLAND  |   .9202613   .3234991     2.84   0.004     .2862147    1.554308
           NORWAY  |   .5393676   .3260628     1.65   0.098    -.0997037    1.178439
           SWEDEN  |   1.705925   .3095413     5.51   0.000     1.099235    2.312614
      SWITZERLAND  |   1.772836   .3098443     5.72   0.000     1.165552    2.380119
          ALBANIA  |  -3.605289   .4098131    -8.80   0.000    -4.408508   -2.802071
         BULGARIA  |   .1129801   .3543129     0.32   0.750    -.5814605    .8074207
   CZECHOSLOVAKIA  |   1.352835   .3304332     4.09   0.000     .7051977    2.000472
          HUNGARY  |   .5738729   .3219585     1.78   0.075    -.0571542      1.2049
           POLAND  |   .8361696   .3373906     2.48   0.013     .1748962    1.497443
          ROMANIA  |   .6065864   .3622929     1.67   0.094    -.1034946    1.316667
FM YUGOSLAVIA ..)  |   1.178814   .3184863     3.70   0.000     .5545922    1.803035
          FM USSR  |   3.438991   .3434127    10.01   0.000     2.765915    4.112068
        AUSTRALIA  |   1.894651   .3127221     6.06   0.000     1.281727    2.507575
      NEW ZEALAND  |   .5462457   .3259688     1.68   0.094    -.0926413    1.185133
    SOLOMON ISLDS  |  -3.836389   .4701587    -8.16   0.000    -4.757884   -2.914895
             FIJI  |  -2.507458   .3671938    -6.83   0.000    -3.227144   -1.787771
KIRIBATI (incl..)  |  -4.467764   .4786999    -9.33   0.000    -5.405999    -3.52953
   PAPUA N.GUINEA  |  -2.096438   .3702532    -5.66   0.000    -2.822121   -1.370755
                   |
             _cons |   14.35919   .4598803    31.22   0.000     13.45784    15.26054
-------------------+----------------------------------------------------------------
pos_trade          |
              dist |  -.5912389   .0322857   -18.31   0.000    -.6545177     -.52796
            border |  -.2425805    .126035    -1.92   0.054    -.4896046    .0044436
            island |  -.5252201   .2046394    -2.57   0.010    -.9263059   -.1241343
          landlock |  -.1614339   .1184913    -1.36   0.173    -.3936725    .0708047
             legal |   .1468548     .04287     3.43   0.001     .0628311    .2308785
              lang |    .274245   .0556087     4.93   0.000     .1652539    .3832361
          colonial |  -.0245984   .3348164    -0.07   0.941    -.6808264    .6316296
                cu |   .7447567   .1760943     4.23   0.000     .3996182    1.089895
               fta |   2.635031   .4942366     5.33   0.000     1.666346    3.603717
          religion |   .3955707   .0881429     4.49   0.000     .2228137    .5683277
         reg_costs |  -.2880045   .0783071    -3.68   0.000    -.4414835   -.1345254
reg_costs_procdays |  -.1800173   .0740235    -2.43   0.015    -.3251006    -.034934
                   |
           expcode |
          ALGERIA  |  -.7498241   .2134835    -3.51   0.000    -1.168244   -.3314042
          MOROCCO  |   .3149677   .2127797     1.48   0.139    -.1020729    .7320082
          TUNISIA  |  -.1533113   .2091861    -0.73   0.464    -.5633085     .256686
            EGYPT  |  -.2011278   .2222229    -0.91   0.365    -.6366767    .2344211
         CAMEROON  |  -.5906486   .2117002    -2.79   0.005    -1.005573   -.1757238
CENTRAL AFR. REP.  |  -1.800413   .2345028    -7.68   0.000     -2.26003   -1.340796
             CHAD  |  -2.162227   .2473505    -8.74   0.000    -2.647025   -1.677429
            CONGO  |  -9.971682          .        .       .            .           .
           ANGOLA  |  -1.714024   .2460203    -6.97   0.000    -2.196215   -1.231833
          BURUNDI  |  -1.707246   .2374586    -7.19   0.000    -2.172657   -1.241836
            BENIN  |  -1.547002    .232829    -6.64   0.000    -2.003339   -1.090665
         ETHIOPIA  |  -1.405385   .2264919    -6.21   0.000    -1.849301   -.9614694
            GHANA  |  -.7910489   .2206386    -3.59   0.000    -1.223493   -.3586051
           GUINEA  |  -1.332606   .2293159    -5.81   0.000    -1.782057   -.8831553
    COTE D'IVOIRE  |  -.4663017   .2184527    -2.13   0.033    -.8944612   -.0381423
            KENYA  |   .5042973   .2212165     2.28   0.023      .070721    .9378736
       MADAGASCAR  |   -.985794   .2202341    -4.48   0.000    -1.417445   -.5541432
           MALAWI  |  -.7925632   .2162984    -3.66   0.000      -1.2165   -.3686261
             MALI  |  -1.533324   .2359076    -6.50   0.000    -1.995694   -1.070954
       MAURITANIA  |  -1.599207   .2343712    -6.82   0.000    -2.058566   -1.139848
       MOZAMBIQUE  |  -.7729152   .2211874    -3.49   0.000    -1.206435   -.3393959
            NIGER  |  -2.119455   .2440655    -8.68   0.000    -2.597815   -1.641096
          NIGERIA  |   -.434606    .210194    -2.07   0.039    -.8465786   -.0226334
           RWANDA  |  -2.140842    .248508    -8.61   0.000    -2.627909   -1.653775
          SENEGAL  |   -.542629   .2131175    -2.55   0.011    -.9603315   -.1249265
     SIERRA LEONE  |  -1.393894    .228453    -6.10   0.000    -1.841654   -.9461344
         ZIMBABWE  |     .74565   .2236767     3.33   0.001     .3072518    1.184048
             TOGO  |  -.8054169   .2169462    -3.71   0.000    -1.230624   -.3802102
           UGANDA  |  -1.466462   .2300196    -6.38   0.000    -1.917292   -1.015632
 UNTD RP TANZANIA  |   -.740847   .2200298    -3.37   0.001    -1.172097   -.3095966
     BURKINA FASO  |  -2.009157   .2493979    -8.06   0.000    -2.497968   -1.520346
           ZAMBIA  |  -.7987391   .2204715    -3.62   0.000    -1.230855   -.3666228
           CANADA  |   3.815238   .5435848     7.02   0.000     2.749832    4.880645
              USA  |    3.99084   .6098171     6.54   0.000     2.795621     5.18606
        ARGENTINA  |   1.182479   .2372724     4.98   0.000     .7174337    1.647524
          BOLIVIA  |  -1.212404   .2358514    -5.14   0.000    -1.674665    -.750144
           BRAZIL  |   2.312844   .3171191     7.29   0.000     1.691302    2.934387
            CHILE  |   .5072534   .2138356     2.37   0.018     .0881433    .9263636
         COLOMBIA  |   .4951268   .2265917     2.19   0.029     .0510152    .9392385
          ECUADOR  |  -.2288864   .2256493    -1.01   0.310    -.6711509    .2133781
           MEXICO  |   .7944213   .2218703     3.58   0.000     .3595635    1.229279
         PARAGUAY  |  -.9577944   .2280369    -4.20   0.000    -1.404738   -.5108504
             PERU  |  -.0210904   .2251308    -0.09   0.925    -.4623386    .4201579
          URUGUAY  |   .2145197   .2209415     0.97   0.332    -.2185178    .6475571
        VENEZUELA  |  -.3265403   .2186274    -1.49   0.135    -.7550421    .1019616
       COSTA RICA  |   .0293062   .2266594     0.13   0.897    -.4149381    .4735505
      EL SALVADOR  |  -1.294903   .2424136    -5.34   0.000    -1.770025   -.8197811
        GUATEMALA  |  -.1233824   .2215143    -0.56   0.578    -.5575426    .3107777
         HONDURAS  |  -.9087341   .2349069    -3.87   0.000    -1.369143   -.4483251
        NICARAGUA  |   -1.65978   .2457211    -6.75   0.000    -2.141385   -1.178175
     DOMINICAN RP  |  -1.016425   .2284168    -4.45   0.000    -1.464114   -.5687361
            HAITI  |  -1.093247    .232389    -4.70   0.000    -1.548721   -.6377729
          JAMAICA  |  -1.318811   .2205179    -5.98   0.000    -1.751018   -.8866037
           PANAMA  |  -1.057788   .2283924    -4.63   0.000    -1.505429   -.6101473
           ISRAEL  |   .0985168   .2021274     0.49   0.626    -.2976457    .4946793
             IRAN  |  -.7210966   .2167664    -3.33   0.001    -1.145951   -.2962422
           JORDAN  |  -.5479573   .2196995    -2.49   0.013    -.9785604   -.1173542
           KUWAIT  |  -.9944839   .2193926    -4.53   0.000    -1.424486   -.5644822
          LEBANON  |  -.8854067   .2199979    -4.02   0.000    -1.316595   -.4542188
             OMAN  |  -1.639907    .228323    -7.18   0.000    -2.087412   -1.192402
     SAUDI ARABIA  |  -.0945057   .2201829    -0.43   0.668    -.5260562    .3370448
     SYRN ARAB RP  |  -1.026746   .2233558    -4.60   0.000    -1.464515   -.5889761
     UNTD ARAB EM  |  -.8097113   .2263721    -3.58   0.000    -1.253393   -.3660301
           TURKEY  |   .8060809    .233353     3.45   0.001     .3487174    1.263444
            YEMEN  |  -1.418248   .2288695    -6.20   0.000    -1.866824   -.9696719
       BANGLADESH  |   .6182758   .2182956     2.83   0.005     .1904242    1.046127
           BHUTAN  |  -2.922348   .2806646   -10.41   0.000     -3.47244   -2.372255
         CAMBODIA  |   -2.03508   .2444633    -8.32   0.000    -2.514219   -1.555941
        SRI LANKA  |   .5671806    .215395     2.63   0.008     .1450142     .989347
            INDIA  |   2.953359   .3460017     8.54   0.000     2.275208     3.63151
INDONESIA (inc..)  |    1.20804   .2279322     5.30   0.000     .7613009    1.654779
 KOREA RP (SOUTH)  |   1.667667   .2215547     7.53   0.000     1.233427    2.101906
     LAOS P.DEM.R  |  -2.105236   .2402643    -8.76   0.000    -2.576146   -1.634327
         MALAYSIA  |   1.452418   .2338036     6.21   0.000     .9941716    1.910665
         MALDIVES  |  -1.920239   .2529613    -7.59   0.000    -2.416034   -1.424444
            NEPAL  |  -1.241535   .2390664    -5.19   0.000    -1.710096    -.772973
         PAKISTAN  |   1.861312   .2524515     7.37   0.000     1.366516    2.356108
      PHILIPPINES  |   .7387513   .2204016     3.35   0.001      .306772    1.170731
        SINGAPORE  |   2.532122    .319976     7.91   0.000     1.904981    3.159264
         THAILAND  |   2.223463   .2834499     7.84   0.000     1.667911    2.779015
           TAIWAN  |   1.669137   .2268195     7.36   0.000     1.224579    2.113695
            CHINA  |   .3515174   .2113048     1.66   0.096    -.0626325    .7656673
         MONGOLIA  |  -1.604684   .2375236    -6.76   0.000    -2.070222   -1.139146
          VIETNAM  |   -.848045   .2283854    -3.71   0.000    -1.295672   -.4004178
     BELGIUM-LUX.  |   3.622286   .6413614     5.65   0.000     2.365241    4.879332
DENMARK (inclu..)  |    3.56983   .5610023     6.36   0.000     2.470285    4.669374
           GREECE  |   1.208016   .2401317     5.03   0.000     .7373662    1.678665
          IRELAND  |   2.146851   .3084309     6.96   0.000     1.542338    2.751365
         PORTUGAL  |    2.01939   .3022055     6.68   0.000     1.427078    2.611702
            SPAIN  |   2.892806   .4314643     6.70   0.000     2.047151     3.73846
          AUSTRIA  |   2.609782   .3713012     7.03   0.000     1.882045    3.337519
          FINLAND  |    2.33753   .2916559     8.01   0.000     1.765895    2.909165
           NORWAY  |   3.288765   .4433805     7.42   0.000     2.419756    4.157775
      SWITZERLAND  |    3.07009   .4760421     6.45   0.000     2.137065    4.003116
          ALBANIA  |  -1.191232   .2348001    -5.07   0.000    -1.651432    -.731032
         BULGARIA  |  -.1824559   .2124343    -0.86   0.390    -.5988195    .2339078
   CZECHOSLOVAKIA  |   .8846403   .2206599     4.01   0.000     .4521548    1.317126
          HUNGARY  |   1.809936   .2596671     6.97   0.000     1.300998    2.318874
           POLAND  |   .6817353   .2160883     3.15   0.002     .2582099    1.105261
          ROMANIA  |   .1024913   .2120379     0.48   0.629    -.3130953    .5180778
FM YUGOSLAVIA ..)  |   1.707263   .2493464     6.85   0.000     1.218553    2.195973
          FM USSR  |   .4784229   .2114144     2.26   0.024     .0640582    .8927875
        AUSTRALIA  |   2.260468   .2768685     8.16   0.000     1.717816    2.803121
      NEW ZEALAND  |   1.463642   .2285725     6.40   0.000     1.015648    1.911636
    SOLOMON ISLDS  |  -2.160425   .2792392    -7.74   0.000    -2.707724   -1.613126
             FIJI  |  -1.330493   .2381964    -5.59   0.000    -1.797349   -.8636362
KIRIBATI (incl..)  |  -2.787821   .3114653    -8.95   0.000    -3.398281    -2.17736
   PAPUA N.GUINEA  |  -.6903272   .2325475    -2.97   0.003    -1.146112   -.2345425
                   |
           impcode |
          ALGERIA  |   .7396376    .232988     3.17   0.002     .2829896    1.196286
          MOROCCO  |   .6703639   .2323637     2.88   0.004     .2149394    1.125788
          TUNISIA  |   .5167936   .2311299     2.24   0.025     .0637873    .9697999
            EGYPT  |   .1775088   .2412676     0.74   0.462    -.2953671    .6503847
         CAMEROON  |   .8469555   .2390046     3.54   0.000     .3785151    1.315396
CENTRAL AFR. REP.  |  -1.258149   .2567546    -4.90   0.000    -1.761379   -.7549192
             CHAD  |  -1.318863   .2569557    -5.13   0.000    -1.822487   -.8152396
            CONGO  |  -.8933988   .2501998    -3.57   0.000    -1.383781   -.4030162
           ANGOLA  |  -.4464861   .2525536    -1.77   0.077     -.941482    .0485098
          BURUNDI  |  -1.223378   .2653715    -4.61   0.000    -1.743496    -.703259
            BENIN  |  -.6003811   .2486626    -2.41   0.016    -1.087751   -.1130115
         ETHIOPIA  |   .2327357   .2385244     0.98   0.329    -.2347635    .7002348
            GHANA  |  -.3474983   .2456109    -1.41   0.157    -.8288868    .1338902
           GUINEA  |  -.8041039    .254613    -3.16   0.002    -1.303136   -.3050716
    COTE D'IVOIRE  |  -.0649978   .2419938    -0.27   0.788     -.539297    .4093013
            KENYA  |   .8942608   .2403946     3.72   0.000      .423096    1.365426
       MADAGASCAR  |  -.0681618   .2412058    -0.28   0.777    -.5409164    .4045929
           MALAWI  |  -.5131584   .2480219    -2.07   0.039    -.9992725   -.0270443
             MALI  |    -.96124    .259225    -3.71   0.000    -1.469312   -.4531683
       MAURITANIA  |  -.9749326   .2588179    -3.77   0.000    -1.482206   -.4676589
       MOZAMBIQUE  |  -.4446555   .2507004    -1.77   0.076    -.9360193    .0467083
            NIGER  |  -1.004023   .2530818    -3.97   0.000    -1.500054   -.5079914
          NIGERIA  |   .7860149   .2368222     3.32   0.001      .321852    1.250178
           RWANDA  |  -1.253017   .2579931    -4.86   0.000    -1.758674   -.7473594
          SENEGAL  |   .3728262   .2354339     1.58   0.113    -.0886158    .8342682
     SIERRA LEONE  |  -.4502841   .2460401    -1.83   0.067    -.9325139    .0319457
         ZIMBABWE  |   .3683385   .2355517     1.56   0.118    -.0933344    .8300114
             TOGO  |    .168257   .2375346     0.71   0.479    -.2973022    .6338161
           UGANDA  |  -.7858606   .2527525    -3.11   0.002    -1.281246   -.2904749
 UNTD RP TANZANIA  |  -.2319335   .2468768    -0.94   0.347    -.7158032    .2519362
     BURKINA FASO  |  -.8736818   .2514909    -3.47   0.001    -1.366595   -.3807687
           ZAMBIA  |  -.4619717   .2482029    -1.86   0.063    -.9484404     .024497
           CANADA  |   3.519613   .3447132    10.21   0.000     2.843988    4.195239
              USA  |     4.4509   .5686476     7.83   0.000     3.336371    5.565429
        ARGENTINA  |   .4909412   .2346172     2.09   0.036     .0310999    .9507824
          BOLIVIA  |   .2964235   .2424143     1.22   0.221    -.1786998    .7715467
           BRAZIL  |   1.160358   .2376766     4.88   0.000     .6945205    1.626195
            CHILE  |    .743245   .2320352     3.20   0.001     .2884643    1.198026
         COLOMBIA  |   1.047745   .2450258     4.28   0.000     .5675034    1.527987
          ECUADOR  |   .8302047    .242988     3.42   0.001      .353957    1.306452
           MEXICO  |   1.085059   .2357924     4.60   0.000     .6229147    1.547204
         PARAGUAY  |   -.041802   .2474181    -0.17   0.866    -.5267326    .4431286
             PERU  |   .7707249   .2401875     3.21   0.001      .299966    1.241484
          URUGUAY  |   .9228279   .2445104     3.77   0.000     .4435964    1.402059
        VENEZUELA  |   .6223105    .238812     2.61   0.009     .1542475    1.090373
       COSTA RICA  |   .2538744   .2520242     1.01   0.314    -.2400839    .7478326
      EL SALVADOR  |   .0331917   .2543312     0.13   0.896    -.4652882    .5316716
        GUATEMALA  |   .4557355   .2487024     1.83   0.067    -.0317122    .9431832
         HONDURAS  |   .3003218   .2533236     1.19   0.236    -.1961833    .7968269
        NICARAGUA  |   -.139653   .2538128    -0.55   0.582    -.6371169    .3578109
     DOMINICAN RP  |  -.0620393   .2480695    -0.25   0.803    -.5482466    .4241679
            HAITI  |  -.0957268   .2504911    -0.38   0.702    -.5866803    .3952268
          JAMAICA  |   .1292261   .2326912     0.56   0.579    -.3268403    .5852924
           PANAMA  |   .7462023   .2457465     3.04   0.002      .264548    1.227857
           ISRAEL  |   .1571436   .2254558     0.70   0.486    -.2847416    .5990288
             IRAN  |  -.5629146   .2446544    -2.30   0.021    -1.042428   -.0834009
           JORDAN  |    1.19123   .2399518     4.96   0.000     .7209334    1.661527
           KUWAIT  |  -.2625561   .2354451    -1.12   0.265      -.72402    .1989077
          LEBANON  |  -.1737698   .2436237    -0.71   0.476    -.6512635    .3037239
             OMAN  |   .1565929   .2312436     0.68   0.498    -.2966363    .6098221
     SAUDI ARABIA  |   1.191952    .243648     4.89   0.000     .7144111    1.669494
     SYRN ARAB RP  |   .6220302   .2434368     2.56   0.011     .1449028    1.099158
     UNTD ARAB EM  |   .9140558   .2437129     3.75   0.000     .4363872    1.391724
           TURKEY  |   1.078981   .2436982     4.43   0.000     .6013417    1.556621
            YEMEN  |  -.3982403   .2499238    -1.59   0.111     -.888082    .0916014
       BANGLADESH  |   .6639355   .2403987     2.76   0.006     .1927627    1.135108
           BHUTAN  |  -2.708346   .3203747    -8.45   0.000    -3.336269   -2.080423
         CAMBODIA  |    -2.0908   .2966024    -7.05   0.000    -2.672129    -1.50947
        SRI LANKA  |   .8063812   .2327618     3.46   0.001     .3501764    1.262586
        HONG KONG  |   1.900492   .2369591     8.02   0.000      1.43606    2.364923
            INDIA  |   1.931978   .2450378     7.88   0.000     1.451713    2.412243
INDONESIA (inc..)  |   1.720372   .2385355     7.21   0.000     1.252851    2.187893
 KOREA RP (SOUTH)  |   1.754347   .2252102     7.79   0.000     1.312943     2.19575
     LAOS P.DEM.R  |  -1.665936   .2754418    -6.05   0.000    -2.205792    -1.12608
         MALAYSIA  |    1.43075   .2390779     5.98   0.000     .9621663    1.899335
         MALDIVES  |  -1.466537   .2880785    -5.09   0.000    -2.031161   -.9019138
            NEPAL  |  -.5356733   .2627128    -2.04   0.041    -1.050581   -.0207658
         PAKISTAN  |   1.541765   .2374774     6.49   0.000     1.076318    2.007212
      PHILIPPINES  |   1.035604   .2338477     4.43   0.000     .5772715    1.493937
        SINGAPORE  |   2.084429   .2420286     8.61   0.000     1.610061    2.558796
         THAILAND  |   1.392447   .2286468     6.09   0.000     .9443073    1.840586
           TAIWAN  |   1.555116   .2221581     7.00   0.000     1.119694    1.990538
            CHINA  |   .7870238   .2337754     3.37   0.001     .3288324    1.245215
         MONGOLIA  |  -1.508387   .2787539    -5.41   0.000    -2.054735   -.9620394
          VIETNAM  |  -1.024226   .2716934    -3.77   0.000    -1.556735   -.4917164
     BELGIUM-LUX.  |   3.439464   .4049107     8.49   0.000     2.645854    4.233075
DENMARK (inclu..)  |   2.686123   .3155166     8.51   0.000     2.067722    3.304525
           FRANCE  |   3.469002    .424259     8.18   0.000     2.637469    4.300534
          GERMANY  |   3.762017    .436159     8.63   0.000     2.907161    4.616873
           GREECE  |   2.081495   .2592977     8.03   0.000     1.573281    2.589709
          IRELAND  |   1.605807   .2366288     6.79   0.000     1.142023    2.069591
            ITALY  |   3.486603   .4122154     8.46   0.000     2.678676     4.29453
      NETHERLANDS  |    3.11445   .3327846     9.36   0.000     2.462204    3.766696
         PORTUGAL  |   2.162192   .2603883     8.30   0.000     1.651841    2.672544
            SPAIN  |   3.094804   .3455237     8.96   0.000      2.41759    3.772018
   UNITED KINGDOM  |    4.07157   .5634312     7.23   0.000     2.967265    5.175875
          AUSTRIA  |   2.769688   .2961114     9.35   0.000      2.18932    3.350055
          FINLAND  |   1.673015   .2506269     6.68   0.000     1.181796    2.164235
           NORWAY  |   1.632063   .2546845     6.41   0.000     1.132891    2.131236
           SWEDEN  |   2.951352   .2993838     9.86   0.000      2.36457    3.538133
      SWITZERLAND  |   2.514065   .2906016     8.65   0.000     1.944497    3.083634
          ALBANIA  |  -.9281389   .2659064    -3.49   0.000    -1.449306   -.4069719
         BULGARIA  |   .0489211   .2361003     0.21   0.836     -.413827    .5116692
   CZECHOSLOVAKIA  |   .8734843   .2287816     3.82   0.000     .4250806    1.321888
          HUNGARY  |    1.45694   .2387774     6.10   0.000      .988945    1.924935
           POLAND  |   .5985491   .2266947     2.64   0.008     .1542357    1.042863
          ROMANIA  |  -.1324545   .2413097    -0.55   0.583    -.6054129    .3405039
FM YUGOSLAVIA ..)  |   1.621863   .2384125     6.80   0.000     1.154583    2.089143
          FM USSR  |    .738666   .2281759     3.24   0.001     .2914495    1.185883
        AUSTRALIA  |   2.106111   .2433099     8.66   0.000     1.629232    2.582989
      NEW ZEALAND  |   1.430376   .2372859     6.03   0.000     .9653044    1.895448
    SOLOMON ISLDS  |  -1.493159   .2833935    -5.27   0.000      -2.0486    -.937718
             FIJI  |   .0232008   .2468556     0.09   0.925    -.4606273     .507029
KIRIBATI (incl..)  |  -1.737552   .2977755    -5.84   0.000    -2.321181   -1.153922
   PAPUA N.GUINEA  |   .1005795   .2553484     0.39   0.694    -.3998941    .6010531
                   |
             _cons |   2.858454   .3517537     8.13   0.000     2.169029    3.547879
-------------------+----------------------------------------------------------------
/mills             |
            lambda |   .0569719   .0797924     0.71   0.475    -.0994183     .213362
-------------------+----------------------------------------------------------------
               rho |    0.03371
             sigma |  1.6899712
------------------------------------------------------------------------------------

. 
. * write to file for use in tex
. outreg2 using "tables/t2c2.tex", keep(`fs_vars') ///
>  stats(coef se) dec(3) replace
tables/t2c2.tex
dir : seeout

.  
. ********************************************************************************
. ** Table 2, Column 4
. * local to list variables for inclusion in probit
. local vars = "dist border island landlock legal lang colonial cu fta religion reg_c
> osts reg_costs_procdays"

. 
. * regression
. probit pos_trade `vars' i.expcode i.impcode, vce(cluster pair)

note: 141780.expcode != 0 predicts failure perfectly
      141780.expcode dropped and 115 obs not used

Iteration 0:   log pseudolikelihood =  -8578.392  
Iteration 1:   log pseudolikelihood = -3845.3745  
Iteration 2:   log pseudolikelihood = -3646.7049  
Iteration 3:   log pseudolikelihood = -3633.9875  
Iteration 4:   log pseudolikelihood = -3633.7804  
Iteration 5:   log pseudolikelihood = -3633.7797  
Iteration 6:   log pseudolikelihood = -3633.7797  

Probit regression                               Number of obs     =     12,420
                                                Wald chi2(234)    =    3392.55
                                                Prob > chi2       =     0.0000
Log pseudolikelihood = -3633.7797               Pseudo R2         =     0.5764

                                     (Std. Err. adjusted for 6,642 clusters in pair)
------------------------------------------------------------------------------------
                   |               Robust
         pos_trade |      Coef.   Std. Err.      z    P>|z|     [95% Conf. Interval]
-------------------+----------------------------------------------------------------
              dist |  -.5912389   .0432998   -13.65   0.000    -.6761049   -.5063728
            border |  -.2425805   .1833519    -1.32   0.186    -.6019437    .1167827
            island |  -.5252201   .1779313    -2.95   0.003    -.8739591   -.1764811
          landlock |  -.1614339   .1338262    -1.21   0.228    -.4237284    .1008605
             legal |   .1468548   .0510323     2.88   0.004     .0468333    .2468763
              lang |    .274245   .0610001     4.50   0.000      .154687    .3938029
          colonial |  -.0245984   .3512967    -0.07   0.944    -.7131273    .6639305
                cu |   .7447567   .1819709     4.09   0.000     .3881003    1.101413
               fta |   2.635031   .5111386     5.16   0.000     1.633218    3.636845
          religion |   .3955707   .0910155     4.35   0.000     .2171835    .5739579
         reg_costs |  -.2880045   .0948646    -3.04   0.002    -.4739356   -.1020733
reg_costs_procdays |  -.1800173   .0799757    -2.25   0.024    -.3367668   -.0232678
                   |
           expcode |
          ALGERIA  |  -.7498241   .2229021    -3.36   0.001    -1.186704   -.3129441
          MOROCCO  |   .3149677   .2112158     1.49   0.136    -.0990078    .7289431
          TUNISIA  |  -.1533113   .1997262    -0.77   0.443    -.5447674    .2381449
            EGYPT  |  -.2011278    .199548    -1.01   0.313    -.5922346     .189979
         CAMEROON  |  -.5906486   .2072609    -2.85   0.004    -.9968725   -.1844246
CENTRAL AFR. REP.  |  -1.800413   .2257972    -7.97   0.000    -2.242968   -1.357859
             CHAD  |  -2.162227    .246736    -8.76   0.000    -2.645821   -1.678633
            CONGO  |          0  (empty)
           ANGOLA  |  -1.714024   .2236925    -7.66   0.000    -2.152454   -1.275595
          BURUNDI  |  -1.707246   .2191285    -7.79   0.000     -2.13673   -1.277762
            BENIN  |  -1.547002   .2039905    -7.58   0.000    -1.946816   -1.147188
         ETHIOPIA  |  -1.405385   .2211392    -6.36   0.000     -1.83881   -.9719605
            GHANA  |  -.7910489    .196995    -4.02   0.000    -1.177152   -.4049457
           GUINEA  |  -1.332606   .2114103    -6.30   0.000    -1.746963   -.9182498
    COTE D'IVOIRE  |  -.4663017   .1944694    -2.40   0.016    -.8474548   -.0851486
            KENYA  |   .5042973   .2098896     2.40   0.016     .0929212    .9156734
       MADAGASCAR  |   -.985794   .2287618    -4.31   0.000    -1.434159   -.5374292
           MALAWI  |  -.7925632   .2101943    -3.77   0.000    -1.204536     -.38059
             MALI  |  -1.533324   .2084677    -7.36   0.000    -1.941913   -1.124735
       MAURITANIA  |  -1.599207   .2343876    -6.82   0.000    -2.058598   -1.139815
       MOZAMBIQUE  |  -.7729152    .204177    -3.79   0.000    -1.173095   -.3727357
            NIGER  |  -2.119455   .2429009    -8.73   0.000    -2.595532   -1.643378
          NIGERIA  |   -.434606   .2185396    -1.99   0.047    -.8629357   -.0062762
           RWANDA  |  -2.140842   .2186622    -9.79   0.000    -2.569412   -1.712272
          SENEGAL  |   -.542629   .2170886    -2.50   0.012    -.9681149   -.1171431
     SIERRA LEONE  |  -1.393894   .2095971    -6.65   0.000    -1.804697   -.9830912
         ZIMBABWE  |     .74565   .2114005     3.53   0.000     .3313126    1.159987
             TOGO  |  -.8054169   .2135665    -3.77   0.000       -1.224   -.3868343
           UGANDA  |  -1.466462   .1985254    -7.39   0.000    -1.855564   -1.077359
 UNTD RP TANZANIA  |   -.740847   .1890919    -3.92   0.000     -1.11146   -.3702338
     BURKINA FASO  |  -2.009157   .2271464    -8.85   0.000    -2.454356   -1.563958
           ZAMBIA  |  -.7987391   .1921947    -4.16   0.000    -1.175434   -.4220444
           CANADA  |   3.815238   .5540814     6.89   0.000     2.729259    4.901218
              USA  |    3.99084   .4297716     9.29   0.000     3.148503    4.833177
        ARGENTINA  |   1.182479   .2174153     5.44   0.000     .7563529    1.608605
          BOLIVIA  |  -1.212404   .2235446    -5.42   0.000    -1.650544    -.774265
           BRAZIL  |   2.312844   .2773448     8.34   0.000     1.769259     2.85643
            CHILE  |   .5072534   .2172613     2.33   0.020     .0814292    .9330777
         COLOMBIA  |   .4951268   .2137328     2.32   0.021     .0762183    .9140354
          ECUADOR  |  -.2288864   .2079278    -1.10   0.271    -.6364174    .1786446
           MEXICO  |   .7944213   .2101883     3.78   0.000     .3824598    1.206383
         PARAGUAY  |  -.9577944   .2293735    -4.18   0.000    -1.407358   -.5082307
             PERU  |  -.0210904   .2004575    -0.11   0.916    -.4139799    .3717991
          URUGUAY  |   .2145197   .2058411     1.04   0.297    -.1889215    .6179608
        VENEZUELA  |  -.3265403   .1940286    -1.68   0.092    -.7068293    .0537488
       COSTA RICA  |   .0293062   .2113625     0.14   0.890    -.3849567    .4435691
      EL SALVADOR  |  -1.294903   .2316984    -5.59   0.000    -1.749024   -.8407825
        GUATEMALA  |  -.1233824   .2263867    -0.55   0.586    -.5670922    .3203273
         HONDURAS  |  -.9087341   .2203017    -4.12   0.000    -1.340517   -.4769508
        NICARAGUA  |   -1.65978   .2627924    -6.32   0.000    -2.174844   -1.144716
     DOMINICAN RP  |  -1.016425   .2223724    -4.57   0.000    -1.452267   -.5805831
            HAITI  |  -1.093247   .2151232    -5.08   0.000    -1.514881   -.6716132
          JAMAICA  |  -1.318811   .2074572    -6.36   0.000    -1.725419    -.912202
           PANAMA  |  -1.057788   .2150302    -4.92   0.000     -1.47924   -.6363367
           ISRAEL  |   .0985168    .235783     0.42   0.676    -.3636094     .560643
             IRAN  |  -.7210966   .1913592    -3.77   0.000    -1.096154   -.3460394
           JORDAN  |  -.5479573   .2145751    -2.55   0.011    -.9685169   -.1273978
           KUWAIT  |  -.9944839   .1786477    -5.57   0.000    -1.344627   -.6443408
          LEBANON  |  -.8854067   .2127192    -4.16   0.000    -1.302329   -.4684848
             OMAN  |  -1.639907    .189808    -8.64   0.000    -2.011924    -1.26789
     SAUDI ARABIA  |  -.0945057    .214689    -0.44   0.660    -.5152884    .3262769
     SYRN ARAB RP  |  -1.026746   .2248181    -4.57   0.000    -1.467381   -.5861103
     UNTD ARAB EM  |  -.8097113   .2066399    -3.92   0.000    -1.214718   -.4047046
           TURKEY  |   .8060809   .2036521     3.96   0.000       .40693    1.205232
            YEMEN  |  -1.418248   .2316016    -6.12   0.000    -1.872179   -.9643171
       BANGLADESH  |   .6182758   .2296652     2.69   0.007     .1681402    1.068411
           BHUTAN  |  -2.922348   .3638027    -8.03   0.000    -3.635388   -2.209307
         CAMBODIA  |   -2.03508   .2992908    -6.80   0.000    -2.621679   -1.448481
        SRI LANKA  |   .5671806   .1932569     2.93   0.003      .188404    .9459572
            INDIA  |   2.953359    .329228     8.97   0.000     2.308084    3.598634
INDONESIA (inc..)  |    1.20804   .2137281     5.65   0.000     .7891405    1.626939
 KOREA RP (SOUTH)  |   1.667667   .2599357     6.42   0.000     1.158202    2.177131
     LAOS P.DEM.R  |  -2.105236   .2568458    -8.20   0.000    -2.608645   -1.601828
         MALAYSIA  |   1.452418   .2172469     6.69   0.000     1.026622    1.878214
         MALDIVES  |  -1.920239   .2364517    -8.12   0.000    -2.383676   -1.456802
            NEPAL  |  -1.241535   .2089599    -5.94   0.000    -1.651088   -.8319806
         PAKISTAN  |   1.861312   .2571843     7.24   0.000      1.35724    2.365384
      PHILIPPINES  |   .7387513   .2024937     3.65   0.000     .3418709    1.135632
        SINGAPORE  |   2.532122   .3458824     7.32   0.000     1.854205     3.21004
         THAILAND  |   2.223463   .2667802     8.33   0.000     1.700584    2.746343
           TAIWAN  |   1.669137   .2660892     6.27   0.000     1.147612    2.190662
            CHINA  |   .3515174    .213792     1.64   0.100    -.0675072    .7705419
         MONGOLIA  |  -1.604684   .2320731    -6.91   0.000    -2.059539   -1.149829
          VIETNAM  |   -.848045   .2310721    -3.67   0.000    -1.300938   -.3951521
     BELGIUM-LUX.  |   3.622286   .4610456     7.86   0.000     2.718654    4.525919
DENMARK (inclu..)  |    3.56983   .5247194     6.80   0.000     2.541399    4.598261
           GREECE  |   1.208016   .2298468     5.26   0.000     .7575243    1.658507
          IRELAND  |   2.146851   .2502205     8.58   0.000     1.656428    2.637275
         PORTUGAL  |    2.01939   .2175901     9.28   0.000     1.592921    2.445859
            SPAIN  |   2.892806   .3334567     8.68   0.000     2.239242    3.546369
          AUSTRIA  |   2.609782   .3121612     8.36   0.000     1.997958    3.221607
          FINLAND  |    2.33753   .2668352     8.76   0.000     1.814542    2.860517
           NORWAY  |   3.288765   .4044825     8.13   0.000     2.495994    4.081536
      SWITZERLAND  |    3.07009   .3838474     8.00   0.000     2.317763    3.822417
          ALBANIA  |  -1.191232   .2375548    -5.01   0.000    -1.656831   -.7256329
         BULGARIA  |  -.1824559   .1921225    -0.95   0.342     -.559009    .1940972
   CZECHOSLOVAKIA  |   .8846403   .2203885     4.01   0.000     .4526867    1.316594
          HUNGARY  |   1.809936   .2601154     6.96   0.000     1.300119    2.319753
           POLAND  |   .6817353   .2177513     3.13   0.002     .2549507     1.10852
          ROMANIA  |   .1024913   .1957254     0.52   0.601    -.2811234    .4861059
FM YUGOSLAVIA ..)  |   1.707263   .2718931     6.28   0.000     1.174362    2.240164
          FM USSR  |   .4784229   .1971002     2.43   0.015     .0921135    .8647322
        AUSTRALIA  |   2.260468   .2448405     9.23   0.000      1.78059    2.740347
      NEW ZEALAND  |   1.463642   .2080708     7.03   0.000     1.055831    1.871453
    SOLOMON ISLDS  |  -2.160425   .2844402    -7.60   0.000    -2.717917   -1.602932
             FIJI  |  -1.330493   .2334128    -5.70   0.000    -1.787973   -.8730117
KIRIBATI (incl..)  |  -2.787821   .2892404    -9.64   0.000    -3.354722    -2.22092
   PAPUA N.GUINEA  |  -.6903272   .2264435    -3.05   0.002    -1.134148    -.246506
                   |
           impcode |
          ALGERIA  |   .7396376   .2448722     3.02   0.003     .2596969    1.219578
          MOROCCO  |   .6703639   .2076059     3.23   0.001     .2634639    1.077264
          TUNISIA  |   .5167936   .2132097     2.42   0.015     .0989103    .9346768
            EGYPT  |   .1775088   .2387622     0.74   0.457    -.2904566    .6454742
         CAMEROON  |   .8469555   .2238917     3.78   0.000     .4081359    1.285775
CENTRAL AFR. REP.  |  -1.258149   .2446694    -5.14   0.000    -1.737692   -.7786058
             CHAD  |  -1.318863   .2665439    -4.95   0.000     -1.84128    -.796447
            CONGO  |  -.8933988   .2538594    -3.52   0.000    -1.390954   -.3958435
           ANGOLA  |  -.4464861   .2248683    -1.99   0.047    -.8872198   -.0057524
          BURUNDI  |  -1.223378   .2395272    -5.11   0.000    -1.692842    -.753913
            BENIN  |  -.6003811    .219329    -2.74   0.006    -1.030258   -.1705041
         ETHIOPIA  |   .2327357   .2282321     1.02   0.308     -.214591    .6800624
            GHANA  |  -.3474983   .2329351    -1.49   0.136    -.8040428    .1090462
           GUINEA  |  -.8041039   .2349313    -3.42   0.001    -1.264561   -.3436471
    COTE D'IVOIRE  |  -.0649978   .2233431    -0.29   0.771    -.5027422    .3727466
            KENYA  |   .8942608   .2224563     4.02   0.000     .4582544    1.330267
       MADAGASCAR  |  -.0681618   .2492268    -0.27   0.784    -.5566373    .4203138
           MALAWI  |  -.5131584   .2471411    -2.08   0.038     -.997546   -.0287708
             MALI  |    -.96124   .2235308    -4.30   0.000    -1.399352   -.5231277
       MAURITANIA  |  -.9749326   .2386016    -4.09   0.000    -1.442583    -.507282
       MOZAMBIQUE  |  -.4446555     .24415    -1.82   0.069    -.9231807    .0338696
            NIGER  |  -1.004023   .2314203    -4.34   0.000    -1.457598   -.5504471
          NIGERIA  |   .7860149   .2248028     3.50   0.000     .3454096     1.22662
           RWANDA  |  -1.253017    .246877    -5.08   0.000    -1.736887   -.7691465
          SENEGAL  |   .3728262   .2316459     1.61   0.108    -.0811915    .8268438
     SIERRA LEONE  |  -.4502841    .230637    -1.95   0.051    -.9023244    .0017562
         ZIMBABWE  |   .3683385     .24085     1.53   0.126    -.1037189    .8403958
             TOGO  |    .168257   .2368421     0.71   0.477     -.295945    .6324589
           UGANDA  |  -.7858606   .2361058    -3.33   0.001     -1.24862   -.3231017
 UNTD RP TANZANIA  |  -.2319335   .2157546    -1.07   0.282    -.6548047    .1909378
     BURKINA FASO  |  -.8736818   .2464556    -3.54   0.000    -1.356726   -.3906378
           ZAMBIA  |  -.4619717   .2354151    -1.96   0.050    -.9233768   -.0005666
           CANADA  |   3.519613   .3326469    10.58   0.000     2.867637    4.171589
              USA  |     4.4509    .445551     9.99   0.000     3.577636    5.324164
        ARGENTINA  |   .4909412   .2090324     2.35   0.019     .0812452    .9006371
          BOLIVIA  |   .2964235   .2499302     1.19   0.236    -.1934308    .7862777
           BRAZIL  |   1.160358   .2224207     5.22   0.000     .7244214    1.596295
            CHILE  |    .743245   .2244574     3.31   0.001     .3033167    1.183173
         COLOMBIA  |   1.047745     .22806     4.59   0.000     .6007557    1.494735
          ECUADOR  |   .8302047    .251128     3.31   0.001     .3380029    1.322407
           MEXICO  |   1.085059   .2190464     4.95   0.000     .6557361    1.514382
         PARAGUAY  |   -.041802   .2411088    -0.17   0.862    -.5143666    .4307626
             PERU  |   .7707249   .2501607     3.08   0.002     .2804189    1.261031
          URUGUAY  |   .9228279   .2160145     4.27   0.000     .4994472    1.346209
        VENEZUELA  |   .6223105   .2114854     2.94   0.003     .2078068    1.036814
       COSTA RICA  |   .2538744   .2265626     1.12   0.262    -.1901801    .6979289
      EL SALVADOR  |   .0331917   .2368294     0.14   0.889    -.4309854    .4973688
        GUATEMALA  |   .4557355   .2305887     1.98   0.048       .00379     .907681
         HONDURAS  |   .3003218   .2233499     1.34   0.179    -.1374359    .7380794
        NICARAGUA  |   -.139653   .2471291    -0.57   0.572     -.624017    .3447111
     DOMINICAN RP  |  -.0620393   .2338127    -0.27   0.791    -.5203039    .3962252
            HAITI  |  -.0957268   .2208865    -0.43   0.665    -.5286564    .3372029
          JAMAICA  |   .1292261   .2292519     0.56   0.573    -.3200995    .5785516
           PANAMA  |   .7462023   .2262937     3.30   0.001     .3026747     1.18973
           ISRAEL  |   .1571436   .2503949     0.63   0.530    -.3336213    .6479085
             IRAN  |  -.5629146    .220551    -2.55   0.011    -.9951866   -.1306426
           JORDAN  |    1.19123   .2620317     4.55   0.000     .6776575    1.704803
           KUWAIT  |  -.2625561   .2253579    -1.17   0.244    -.7042495    .1791373
          LEBANON  |  -.1737698    .235554    -0.74   0.461    -.6354472    .2879076
             OMAN  |   .1565929   .2247327     0.70   0.486    -.2838751    .5970609
     SAUDI ARABIA  |   1.191952   .2402407     4.96   0.000     .7210893    1.662815
     SYRN ARAB RP  |   .6220302   .2333454     2.67   0.008     .1646816    1.079379
     UNTD ARAB EM  |   .9140558   .2330164     3.92   0.000     .4573521    1.370759
           TURKEY  |   1.078981   .2283639     4.72   0.000     .6313965    1.526567
            YEMEN  |  -.3982403   .2251538    -1.77   0.077    -.8395337    .0430531
       BANGLADESH  |   .6639355   .2237265     2.97   0.003     .2254397    1.102431
           BHUTAN  |  -2.708346   .3447236    -7.86   0.000    -3.383992     -2.0327
         CAMBODIA  |    -2.0908   .3255424    -6.42   0.000    -2.728851   -1.452748
        SRI LANKA  |   .8063812   .2055415     3.92   0.000     .4035273    1.209235
        HONG KONG  |   1.900492   .2268507     8.38   0.000     1.455872    2.345111
            INDIA  |   1.931978   .2315253     8.34   0.000     1.478197    2.385759
INDONESIA (inc..)  |   1.720372   .2392907     7.19   0.000     1.251371    2.189373
 KOREA RP (SOUTH)  |   1.754347   .2512889     6.98   0.000     1.261829    2.246864
     LAOS P.DEM.R  |  -1.665936   .2847785    -5.85   0.000    -2.224091    -1.10778
         MALAYSIA  |    1.43075   .2269957     6.30   0.000      .985847    1.875654
         MALDIVES  |  -1.466537   .2519478    -5.82   0.000    -1.960346   -.9727287
            NEPAL  |  -.5356733   .2609525    -2.05   0.040    -1.047131   -.0242158
         PAKISTAN  |   1.541765   .2445446     6.30   0.000     1.062467    2.021064
      PHILIPPINES  |   1.035604    .215329     4.81   0.000     .6135674    1.457642
        SINGAPORE  |   2.084429   .2441547     8.54   0.000     1.605894    2.562963
         THAILAND  |   1.392447   .2292559     6.07   0.000     .9431136     1.84178
           TAIWAN  |   1.555116    .256505     6.06   0.000     1.052376    2.057857
            CHINA  |   .7870238   .2477421     3.18   0.001     .3014582    1.272589
         MONGOLIA  |  -1.508387   .2741603    -5.50   0.000    -2.045731   -.9710427
          VIETNAM  |  -1.024226   .2912495    -3.52   0.000    -1.595064   -.4533871
     BELGIUM-LUX.  |   3.439464   .3216711    10.69   0.000     2.809001    4.069928
DENMARK (inclu..)  |   2.686123   .2941431     9.13   0.000     2.109613    3.262633
           FRANCE  |   3.469002   .3114481    11.14   0.000     2.858575    4.079429
          GERMANY  |   3.762017   .3876159     9.71   0.000     3.002304    4.521731
           GREECE  |   2.081495   .2475927     8.41   0.000     1.596222    2.566768
          IRELAND  |   1.605807   .2369734     6.78   0.000     1.141348    2.070266
            ITALY  |   3.486603   .2995772    11.64   0.000     2.899442    4.073764
      NETHERLANDS  |    3.11445   .3831845     8.13   0.000     2.363422    3.865478
         PORTUGAL  |   2.162192   .2485633     8.70   0.000     1.675017    2.649367
            SPAIN  |   3.094804   .2985862    10.36   0.000     2.509586    3.680022
   UNITED KINGDOM  |    4.07157   .4293447     9.48   0.000      3.23007     4.91307
          AUSTRIA  |   2.769688   .2969228     9.33   0.000      2.18773    3.351646
          FINLAND  |   1.673015   .2386671     7.01   0.000     1.205236    2.140794
           NORWAY  |   1.632063   .2356128     6.93   0.000     1.170271    2.093856
           SWEDEN  |   2.951352   .3085777     9.56   0.000     2.346551    3.556153
      SWITZERLAND  |   2.514065   .2505381    10.03   0.000      2.02302    3.005111
          ALBANIA  |  -.9281389    .282885    -3.28   0.001    -1.482583   -.3736945
         BULGARIA  |   .0489211   .2358637     0.21   0.836    -.4133632    .5112054
   CZECHOSLOVAKIA  |   .8734843    .230236     3.79   0.000     .4222301    1.324739
          HUNGARY  |    1.45694   .2492306     5.85   0.000     .9684572    1.945423
           POLAND  |   .5985491   .2377053     2.52   0.012     .1326553    1.064443
          ROMANIA  |  -.1324545    .228585    -0.58   0.562    -.5804728    .3155638
FM YUGOSLAVIA ..)  |   1.621863   .2439204     6.65   0.000     1.143787    2.099938
          FM USSR  |    .738666    .243773     3.03   0.002     .2608797    1.216452
        AUSTRALIA  |   2.106111   .2293018     9.18   0.000     1.656687    2.555534
      NEW ZEALAND  |   1.430376    .212781     6.72   0.000     1.013333    1.847419
    SOLOMON ISLDS  |  -1.493159   .3467652    -4.31   0.000    -2.172806   -.8135117
             FIJI  |   .0232008   .2403976     0.10   0.923    -.4479699    .4943716
KIRIBATI (incl..)  |  -1.737552   .3127125    -5.56   0.000    -2.350457   -1.124646
   PAPUA N.GUINEA  |   .1005795   .2562839     0.39   0.695    -.4017276    .6028867
                   |
             _cons |   2.858454   .3767497     7.59   0.000     2.120038     3.59687
------------------------------------------------------------------------------------
Note: 0 failures and 164 successes completely determined.

. 
. * predict probability of selection
. predict rho
(option pr assumed; Pr(pos_trade))
(115 missing values generated)

. 
. * generate zhat variable
. gen zhat = invnormal(rho)
(357 missing values generated)

. 
. * generate mills ratio
. gen mills=normalden(zhat)/normal(zhat)
(357 missing values generated)

. 
. * generate zbar variables
. gen zbar = zhat + mills
(357 missing values generated)

. gen zbar2 = zbar^2
(357 missing values generated)

. gen zbar3 = zbar^3
(357 missing values generated)

. 
. * define variables for "polynomial" regression
. local vars = "dist border island landlock legal lang colonial cu fta religion mills
>  zbar zbar2 zbar3"

. 
. * running regression
. * fixed effects for exporter, importer
. quietly reg ln_trade `vars' i.expcode i.impcode

. 
. * write to file for use in tex
. outreg2 using "tables/t2c4.tex", keep(`vars') ///
>  side noparen stats(coef se) dec(3) replace
tables/t2c4.tex
dir : seeout

. 
. ********************************************************************************
. *** Alternative Specifications and Tests
. ********************************************************************************
. 
. ** Santos-Silva and Tenreyro (2006) Approach
. clear all

. use "data\cleaned_part2.dta"

. 
. * replace missing ln_trade with 0, convert to levels
. replace ln_trade = 0 if missing(ln_trade)
(59,377 real changes made)

. gen trade = exp(ln_trade)

. 
. * run same regression as in part 4
. local vars = "dist border island landlock legal lang colonial cu fta religion reg_c
> osts reg_costs_procdays"

. 
. poisson trade `vars' i.expcode i.impcode if year==1986, vce(cluster pair)
note: you are responsible for interpretation of noncount dep. variable

Iteration 0:   log pseudolikelihood = -2.225e+10  (not concave)
Iteration 1:   log pseudolikelihood = -2.187e+10  
Iteration 2:   log pseudolikelihood = -2.105e+10  (backed up)
Iteration 3:   log pseudolikelihood = -1.456e+10  (backed up)
Iteration 4:   log pseudolikelihood = -1.273e+10  (backed up)
Iteration 5:   log pseudolikelihood = -7.869e+09  (backed up)
Iteration 6:   log pseudolikelihood = -5.888e+09  (backed up)
Iteration 7:   log pseudolikelihood = -2.523e+09  (backed up)
Iteration 8:   log pseudolikelihood = -1.507e+09  
Iteration 9:   log pseudolikelihood = -1.493e+09  
Iteration 10:  log pseudolikelihood = -3.212e+08  
Iteration 11:  log pseudolikelihood = -2.853e+08  
Iteration 12:  log pseudolikelihood = -2.823e+08  
Iteration 13:  log pseudolikelihood = -2.822e+08  
Iteration 14:  log pseudolikelihood = -2.822e+08  
Iteration 15:  log pseudolikelihood = -2.822e+08  

Poisson regression                              Number of obs     =     12,535
                                                Wald chi2(235)    =   97806.80
                                                Prob > chi2       =     0.0000
Log pseudolikelihood = -2.822e+08               Pseudo R2         =     0.9131

                                     (Std. Err. adjusted for 6,649 clusters in pair)
------------------------------------------------------------------------------------
                   |               Robust
             trade |      Coef.   Std. Err.      z    P>|z|     [95% Conf. Interval]
-------------------+----------------------------------------------------------------
              dist |  -.5503655   .0970044    -5.67   0.000    -.7404906   -.3602404
            border |   .9235869   .2417882     3.82   0.000     .4496908    1.397483
            island |   .1286998   .3001075     0.43   0.668    -.4595001    .7168997
          landlock |  -.2377929   .3493122    -0.68   0.496    -.9224323    .4468464
             legal |   .4474883   .0986051     4.54   0.000     .2542258    .6407508
              lang |    .072279   .1116304     0.65   0.517    -.1465125    .2910706
          colonial |  -.0395683   .1807114    -0.22   0.827    -.3937561    .3146195
                cu |   .0702361   .4315739     0.16   0.871    -.7756332    .9161053
               fta |   .3060478   .1624853     1.88   0.060    -.0124175    .6245131
          religion |  -.3780712   .2005553    -1.89   0.059    -.7711523      .01501
         reg_costs |  -.0424857   .1466431    -0.29   0.772     -.329901    .2449295
reg_costs_procdays |  -.1820383   .1941863    -0.94   0.349    -.5626364    .1985598
                   |
           expcode |
          ALGERIA  |  -.6544737   .2943586    -2.22   0.026    -1.231406   -.0775414
          MOROCCO  |  -1.965745   .3644753    -5.39   0.000    -2.680104   -1.251387
          TUNISIA  |  -2.279167   .3345855    -6.81   0.000    -2.934942   -1.623391
            EGYPT  |  -1.522106   .3439655    -4.43   0.000    -2.196266   -.8479465
         CAMEROON  |  -2.699311   .3794524    -7.11   0.000    -3.443024   -1.955598
CENTRAL AFR. REP.  |  -4.499544   .4458888   -10.09   0.000     -5.37347   -3.625618
             CHAD  |  -5.422869   .4617548   -11.74   0.000    -6.327892   -4.517846
            CONGO  |  -11.44231    .327696   -34.92   0.000    -12.08459   -10.80004
           ANGOLA  |  -1.866525    .380253    -4.91   0.000    -2.611807   -1.121243
          BURUNDI  |  -4.210871   .5473776    -7.69   0.000    -5.283712   -3.138031
            BENIN  |  -4.481145   .3982853   -11.25   0.000    -5.261769    -3.70052
         ETHIOPIA  |  -3.367522      .3552    -9.48   0.000    -4.063701   -2.671343
            GHANA  |  -2.968132   .2810805   -10.56   0.000     -3.51904   -2.417225
           GUINEA  |  -3.256868   .2800237   -11.63   0.000    -3.805705   -2.708032
    COTE D'IVOIRE  |  -1.375018   .2779901    -4.95   0.000    -1.919869   -.8301675
            KENYA  |  -2.327061   .3478735    -6.69   0.000     -3.00888   -1.645241
       MADAGASCAR  |  -3.567742   .4127711    -8.64   0.000    -4.376758   -2.758725
           MALAWI  |  -3.938729    .388393   -10.14   0.000    -4.699965   -3.177492
             MALI  |  -4.795234   .3129264   -15.32   0.000    -5.408559    -4.18191
       MAURITANIA  |  -3.968339   .4517791    -8.78   0.000    -4.853809   -3.082868
       MOZAMBIQUE  |  -4.560113   .3472387   -13.13   0.000    -5.240688   -3.879538
            NIGER  |  -3.893254   .7920478    -4.92   0.000    -5.445639   -2.340869
          NIGERIA  |  -.7645122   .2487936    -3.07   0.002    -1.252139   -.2768858
           RWANDA  |  -4.070345    .533957    -7.62   0.000    -5.116881   -3.023809
          SENEGAL  |  -3.224038   .4760674    -6.77   0.000    -4.157113   -2.290963
     SIERRA LEONE  |  -4.471341   .5011023    -8.92   0.000    -5.453484   -3.489199
         ZIMBABWE  |  -2.474382   .3632074    -6.81   0.000    -3.186255   -1.762508
             TOGO  |  -4.057948   .2780407   -14.59   0.000    -4.602897   -3.512998
           UGANDA  |  -3.312096   .2711037   -12.22   0.000     -3.84345   -2.780743
 UNTD RP TANZANIA  |  -3.336034   .4230754    -7.89   0.000    -4.165247   -2.506822
     BURKINA FASO  |  -4.926684   .5645972    -8.73   0.000    -6.033274   -3.820094
           ZAMBIA  |  -3.041559   .3523763    -8.63   0.000    -3.732204   -2.350914
           CANADA  |   1.111473   .2237122     4.97   0.000     .6730053    1.549941
              USA  |   3.216724   .2186773    14.71   0.000     2.788124    3.645323
        ARGENTINA  |  -.3483058   .2951348    -1.18   0.238    -.9267595    .2301478
          BOLIVIA  |  -2.756559   .6075388    -4.54   0.000    -3.947313   -1.565804
           BRAZIL  |   .7670731   .2157078     3.56   0.000     .3442935    1.189853
            CHILE  |  -.8635234   .2573756    -3.36   0.001     -1.36797   -.3590764
         COLOMBIA  |  -.7800991    .298238    -2.62   0.009    -1.364635   -.1955634
          ECUADOR  |  -1.483146   .3888686    -3.81   0.000    -2.245315   -.7209778
           MEXICO  |  -.5089467   .2540679    -2.00   0.045    -1.006911   -.0109828
         PARAGUAY  |  -3.581257   .4876442    -7.34   0.000    -4.537023   -2.625492
             PERU  |  -1.468158   .2354491    -6.24   0.000     -1.92963   -1.006686
          URUGUAY  |  -2.114071   .3304407    -6.40   0.000    -2.761723   -1.466419
        VENEZUELA  |  -.3342884   .3745755    -0.89   0.372    -1.068443     .399866
       COSTA RICA  |  -2.273922   .2574512    -8.83   0.000    -2.778517   -1.769327
      EL SALVADOR  |  -2.791316   .3133704    -8.91   0.000     -3.40551   -2.177121
        GUATEMALA  |  -2.379164   .2654162    -8.96   0.000    -2.899371   -1.858958
         HONDURAS  |   -2.76519   .2859779    -9.67   0.000    -3.325696   -2.204683
        NICARAGUA  |  -4.389387   .5530556    -7.94   0.000    -5.473356   -3.305418
     DOMINICAN RP  |  -2.169236   .5249705    -4.13   0.000    -3.198159   -1.140313
            HAITI  |  -3.145354   .4722122    -6.66   0.000    -4.070873   -2.219835
          JAMAICA  |  -3.280646   .3442721    -9.53   0.000    -3.955407   -2.605885
           PANAMA  |  -3.314843   .3965383    -8.36   0.000    -4.092044   -2.537643
           ISRAEL  |  -1.039002   .2529185    -4.11   0.000    -1.534713   -.5432911
             IRAN  |  -.6393978   .2889825    -2.21   0.027    -1.205793   -.0730025
           JORDAN  |  -3.299884   .3635837    -9.08   0.000    -4.012495   -2.587273
           KUWAIT  |  -.8642673   .3393875    -2.55   0.011    -1.529455     -.19908
          LEBANON  |  -3.673919   .3736382    -9.83   0.000    -4.406236   -2.941602
             OMAN  |  -2.225389   .4875262    -4.56   0.000    -3.180923   -1.269855
     SAUDI ARABIA  |   .4283877   .2603435     1.65   0.100    -.0818763    .9386516
     SYRN ARAB RP  |  -2.475818   .4348437    -5.69   0.000    -3.328096    -1.62354
     UNTD ARAB EM  |  -1.220405    .332508    -3.67   0.000    -1.872109   -.5687013
           TURKEY  |  -.7969303   .2943068    -2.71   0.007    -1.373761   -.2200995
            YEMEN  |  -5.074568   .4076541   -12.45   0.000    -5.873555    -4.27558
       BANGLADESH  |  -2.684308   .2525217   -10.63   0.000    -3.179241   -2.189374
           BHUTAN  |  -9.281482   .6978287   -13.30   0.000     -10.6492   -7.913763
         CAMBODIA  |  -7.742767   .5166664   -14.99   0.000    -8.755415    -6.73012
        SRI LANKA  |  -2.403275    .235248   -10.22   0.000    -2.864352   -1.942197
            INDIA  |  -.2614456   .2620453    -1.00   0.318    -.7750449    .2521537
INDONESIA (inc..)  |   .0100719   .2893298     0.03   0.972    -.5570041    .5771479
 KOREA RP (SOUTH)  |   1.221531   .3923616     3.11   0.002     .4525168    1.990546
     LAOS P.DEM.R  |  -7.693294   .3972639   -19.37   0.000    -8.471917   -6.914671
         MALAYSIA  |  -.1401802   .2258961    -0.62   0.535    -.5829285    .3025681
         MALDIVES  |  -5.551136    .589983    -9.41   0.000    -6.707481    -4.39479
            NEPAL  |  -4.433909   .3489137   -12.71   0.000    -5.117767   -3.750051
         PAKISTAN  |  -1.419842   .2732601    -5.20   0.000    -1.955422   -.8842619
      PHILIPPINES  |  -.7601961     .35228    -2.16   0.031    -1.450652     -.06974
        SINGAPORE  |   .5229826   .2225071     2.35   0.019     .0868766    .9590885
         THAILAND  |  -.4768232   .2216769    -2.15   0.031     -.911302   -.0423445
           TAIWAN  |   1.359154   .4799971     2.83   0.005     .4183768    2.299931
            CHINA  |   .5715326   .4162875     1.37   0.170    -.2443758    1.387441
         MONGOLIA  |  -5.470725   .5646936    -9.69   0.000    -6.577504   -4.363946
          VIETNAM  |  -3.764502   .4969473    -7.58   0.000    -4.738501   -2.790503
     BELGIUM-LUX.  |   .8587922   .2453001     3.50   0.000     .3780128    1.339572
DENMARK (inclu..)  |   -.309554   .2949455    -1.05   0.294    -.8876365    .2685285
           GREECE  |  -1.251192   .3103646    -4.03   0.000    -1.859495   -.6428881
          IRELAND  |  -.7016584    .277622    -2.53   0.011    -1.245788   -.1575293
         PORTUGAL  |  -.9341848   .3101827    -3.01   0.003    -1.542132   -.3262379
            SPAIN  |   .2863562    .256456     1.12   0.264    -.2162884    .7890008
          AUSTRIA  |  -.2096414    .282873    -0.74   0.459    -.7640624    .3447795
          FINLAND  |   .1069648   .2923827     0.37   0.714    -.4660948    .6800244
           NORWAY  |   .0292687   .3297749     0.09   0.929    -.6170782    .6756157
      SWITZERLAND  |   .2162144   .2709686     0.80   0.425    -.3148742    .7473031
          ALBANIA  |  -4.094308   .3878249   -10.56   0.000     -4.85443   -3.334185
         BULGARIA  |  -2.068925   .3897732    -5.31   0.000    -2.832866   -1.304984
   CZECHOSLOVAKIA  |  -.4167833   .6361982    -0.66   0.512    -1.663709    .8301423
          HUNGARY  |  -.7668903   .4396706    -1.74   0.081    -1.628629    .0948482
           POLAND  |  -.4961597   .3550854    -1.40   0.162    -1.192114     .199795
          ROMANIA  |  -1.087124   .2774453    -3.92   0.000    -1.630906   -.5433409
FM YUGOSLAVIA ..)  |  -.6567741   .4273144    -1.54   0.124    -1.494295    .1807469
          FM USSR  |   1.333722   .3605516     3.70   0.000     .6270536     2.04039
        AUSTRALIA  |   .5911631   .2681482     2.20   0.027     .0656023    1.116724
      NEW ZEALAND  |  -.4565489   .2722507    -1.68   0.094    -.9901505    .0770527
    SOLOMON ISLDS  |  -5.221842    .607281    -8.60   0.000    -6.412091   -4.031593
             FIJI  |  -3.571498    .510793    -6.99   0.000    -4.572633   -2.570362
KIRIBATI (incl..)  |  -6.366412   .6230241   -10.22   0.000    -7.587516   -5.145307
   PAPUA N.GUINEA  |  -2.458154   .5395934    -4.56   0.000    -3.515738    -1.40057
                   |
           impcode |
          ALGERIA  |  -.1484983    .206038    -0.72   0.471    -.5523255    .2553288
          MOROCCO  |  -.7778301   .2113648    -3.68   0.000    -1.192098   -.3635626
          TUNISIA  |  -1.366406   .2032985    -6.72   0.000    -1.764864   -.9679482
            EGYPT  |   .2195762   .2581052     0.85   0.395    -.2863007    .7254531
         CAMEROON  |  -1.933537   .2544337    -7.60   0.000    -2.432218   -1.434856
CENTRAL AFR. REP.  |  -4.470995   .5296234    -8.44   0.000    -5.509038   -3.432953
             CHAD  |  -4.829276     .60533    -7.98   0.000    -6.015701   -3.642851
            CONGO  |   -3.35666   .4517911    -7.43   0.000    -4.242155   -2.471166
           ANGOLA  |   -1.35185   .4831214    -2.80   0.005    -2.298751   -.4049497
          BURUNDI  |   -4.07373   .6318106    -6.45   0.000    -5.312056   -2.835404
            BENIN  |  -3.133937   .2932587   -10.69   0.000    -3.708713    -2.55916
         ETHIOPIA  |  -1.865737   .2940091    -6.35   0.000    -2.441984    -1.28949
            GHANA  |  -2.464946   .3200883    -7.70   0.000    -3.092307   -1.837585
           GUINEA  |  -3.320118   .2857613   -11.62   0.000      -3.8802   -2.760036
    COTE D'IVOIRE  |  -1.868174   .3106864    -6.01   0.000    -2.477109    -1.25924
            KENYA  |  -1.640855   .3541899    -4.63   0.000    -2.335055   -.9466558
       MADAGASCAR  |  -3.001214   .3236656    -9.27   0.000    -3.635587   -2.366841
           MALAWI  |  -3.200187    .616909    -5.19   0.000    -4.409306   -1.991067
             MALI  |   -3.72484   .3087015   -12.07   0.000    -4.329884   -3.119796
       MAURITANIA  |  -3.028668   .5595878    -5.41   0.000     -4.12544   -1.931896
       MOZAMBIQUE  |  -2.720735    .341667    -7.96   0.000     -3.39039    -2.05108
            NIGER  |  -4.454533   .3228257   -13.80   0.000     -5.08726   -3.821807
          NIGERIA  |  -.6515958   .2493948    -2.61   0.009    -1.140401   -.1627909
           RWANDA  |  -3.679358   .5432771    -6.77   0.000    -4.744161   -2.614554
          SENEGAL  |  -2.413411   .2887405    -8.36   0.000    -2.979332    -1.84749
     SIERRA LEONE  |  -3.962646   .2382784   -16.63   0.000    -4.429663   -3.495629
         ZIMBABWE  |  -2.074764   .4213253    -4.92   0.000    -2.900546   -1.248981
             TOGO  |  -3.144041   .3294582    -9.54   0.000    -3.789767   -2.498314
           UGANDA  |  -3.095751   .6535718    -4.74   0.000    -4.376729   -1.814774
 UNTD RP TANZANIA  |   -2.31932   .3237274    -7.16   0.000    -2.953814   -1.684826
     BURKINA FASO  |  -4.146362   .2722957   -15.23   0.000    -4.680051   -3.612672
           ZAMBIA  |  -3.162021    .279293   -11.32   0.000    -3.709425   -2.614616
           CANADA  |   1.947779   .1653052    11.78   0.000     1.623787    2.271772
              USA  |   4.392721   .1933592    22.72   0.000     4.013744    4.771698
        ARGENTINA  |  -.0053652   .1954198    -0.03   0.978     -.388381    .3776506
          BOLIVIA  |  -1.901196   .2642764    -7.19   0.000    -2.419168   -1.383224
           BRAZIL  |   1.142395   .1979892     5.77   0.000     .7543437    1.530447
            CHILE  |  -.4219758   .1866138    -2.26   0.024    -.7877321   -.0562195
         COLOMBIA  |  -.3376578   .2634957    -1.28   0.200    -.8540999    .1787844
          ECUADOR  |  -1.003465    .205627    -4.88   0.000    -1.406487   -.6004438
           MEXICO  |   .3448071   .1984721     1.74   0.082    -.0441911    .7338052
         PARAGUAY  |  -1.728675   .3478868    -4.97   0.000    -2.410521   -1.046829
             PERU  |  -.6800568   .1992374    -3.41   0.001    -1.070555   -.2895587
          URUGUAY  |  -1.556792   .3216818    -4.84   0.000    -2.187277   -.9263072
        VENEZUELA  |   .4031813   .3509805     1.15   0.251    -.2847278     1.09109
       COSTA RICA  |   -1.33677   .2143214    -6.24   0.000    -1.756833   -.9167082
      EL SALVADOR  |  -1.552257   .2738218    -5.67   0.000    -2.088938   -1.015577
        GUATEMALA  |  -1.554815   .2128893    -7.30   0.000     -1.97207   -1.137559
         HONDURAS  |  -1.891907   .2390847    -7.91   0.000    -2.360505    -1.42331
        NICARAGUA  |  -1.994945    .653174    -3.05   0.002    -3.275143   -.7147478
     DOMINICAN RP  |  -.8850375   .3268283    -2.71   0.007    -1.525609   -.2444658
            HAITI  |  -1.924211   .4654084    -4.13   0.000    -2.836395   -1.012027
          JAMAICA  |  -1.833274   .2354687    -7.79   0.000    -2.294785   -1.371764
           PANAMA  |  -.4750865   .4229512    -1.12   0.261    -1.304056    .3538827
           ISRAEL  |  -.0763282   .2947799    -0.26   0.796    -.6540862    .5014299
             IRAN  |  -.0100321   .3389862    -0.03   0.976    -.6744329    .6543687
           JORDAN  |  -1.223607   .2196095    -5.57   0.000    -1.654033   -.7931801
           KUWAIT  |  -.6396078   .2778303    -2.30   0.021    -1.184145   -.0950704
          LEBANON  |  -1.707197   .2405966    -7.10   0.000    -2.178758   -1.235637
             OMAN  |  -1.277282   .4388951    -2.91   0.004    -2.137501   -.4170633
     SAUDI ARABIA  |   .9471103   .2004356     4.73   0.000     .5542637    1.339957
     SYRN ARAB RP  |  -.9795267   .3007925    -3.26   0.001    -1.569069   -.3899842
     UNTD ARAB EM  |  -.4180475   .2138022    -1.96   0.051    -.8370922    .0009971
           TURKEY  |   .2081936   .1962955     1.06   0.289    -.1765386    .5929257
            YEMEN  |  -1.711895    .260487    -6.57   0.000     -2.22244    -1.20135
       BANGLADESH  |  -.9839213   .2997194    -3.28   0.001    -1.571361   -.3964821
           BHUTAN  |  -6.569502   .7072585    -9.29   0.000    -7.955703   -5.183301
         CAMBODIA  |  -6.498661   .5532913   -11.75   0.000    -7.583092    -5.41423
        SRI LANKA  |  -1.236504   .2784502    -4.44   0.000    -1.782257    -.690752
        HONG KONG  |   1.655306   .3292339     5.03   0.000     1.010019    2.300592
            INDIA  |   .8740654   .2230078     3.92   0.000     .4369782    1.311153
INDONESIA (inc..)  |   .4884976   .2304566     2.12   0.034     .0368109    .9401843
 KOREA RP (SOUTH)  |   1.622142   .3896558     4.16   0.000     .8584308    2.385854
     LAOS P.DEM.R  |  -4.816175   .9043869    -5.33   0.000    -6.588741    -3.04361
         MALAYSIA  |    .521867   .2135384     2.44   0.015     .1033394    .9403946
         MALDIVES  |  -4.100349   .7439028    -5.51   0.000    -5.558372   -2.642327
            NEPAL  |  -3.245739   .5202959    -6.24   0.000      -4.2655   -2.225978
         PAKISTAN  |  -.2253786   .2220669    -1.01   0.310    -.6606217    .2098645
      PHILIPPINES  |  -.0451057    .242301    -0.19   0.852     -.520007    .4297956
        SINGAPORE  |   1.459996   .1947287     7.50   0.000     1.078335    1.841658
         THAILAND  |   .0894617   .1848514     0.48   0.628    -.2728404    .4517637
           TAIWAN  |   1.435301   .3786485     3.79   0.000     .6931637    2.177439
            CHINA  |   1.332715   .3304743     4.03   0.000     .6849971    1.980433
         MONGOLIA  |  -4.693808   .7007122    -6.70   0.000    -6.067179   -3.320437
          VIETNAM  |  -2.834396   .4405089    -6.43   0.000    -3.697778   -1.971015
     BELGIUM-LUX.  |   1.495218   .1874115     7.98   0.000     1.127898    1.862537
DENMARK (inclu..)  |   .9209891   .2743721     3.36   0.001     .3832297    1.458749
           FRANCE  |   2.335076   .1645209    14.19   0.000      2.01262    2.657531
          GERMANY  |   2.778114   .1906791    14.57   0.000      2.40439    3.151838
           GREECE  |  -.1243301   .2490991    -0.50   0.618    -.6125554    .3638953
          IRELAND  |  -.1635192   .2461548    -0.66   0.507    -.6459737    .3189353
            ITALY  |   2.280205   .2004245    11.38   0.000      1.88738     2.67303
      NETHERLANDS  |    1.90873   .2056979     9.28   0.000      1.50557    2.311891
         PORTUGAL  |  -.0000364   .2077237    -0.00   1.000    -.4071673    .4070945
            SPAIN  |   1.318721   .1864364     7.07   0.000     .9533124     1.68413
   UNITED KINGDOM  |   2.551062    .211026    12.09   0.000     2.137459    2.964666
          AUSTRIA  |   .5159668   .2637173     1.96   0.050    -.0009097    1.032843
          FINLAND  |   .8708023   .3613377     2.41   0.016     .1625934    1.579011
           NORWAY  |   .9518194   .3084572     3.09   0.002     .3472543    1.556384
           SWEDEN  |   1.353165   .2093309     6.46   0.000     .9428845    1.763446
      SWITZERLAND  |   1.080043   .2308345     4.68   0.000     .6276156     1.53247
          ALBANIA  |  -3.339113   .4489808    -7.44   0.000    -4.219099   -2.459126
         BULGARIA  |  -.7784281   .3699076    -2.10   0.035    -1.503434   -.0534226
   CZECHOSLOVAKIA  |   .9990358   .6423911     1.56   0.120    -.2600275    2.258099
          HUNGARY  |   .3117204   .4461148     0.70   0.485    -.5626487    1.186089
           POLAND  |   .6138793   .3831559     1.60   0.109    -.1370925    1.364851
          ROMANIA  |  -.6190463   .2906369    -2.13   0.033    -1.188684   -.0494084
FM YUGOSLAVIA ..)  |   .3874964   .3500097     1.11   0.268    -.2985101    1.073503
          FM USSR  |    2.22497   .3839786     5.79   0.000     1.472385    2.977554
        AUSTRALIA  |    1.50234   .2087098     7.20   0.000     1.093276    1.911404
      NEW ZEALAND  |   .3244139   .2721918     1.19   0.233    -.2090723    .8579001
    SOLOMON ISLDS  |  -4.074023   .5645145    -7.22   0.000    -5.180451   -2.967595
             FIJI  |  -2.187003   .5248865    -4.17   0.000    -3.215762   -1.158245
KIRIBATI (incl..)  |  -3.541052   .5681448    -6.23   0.000    -4.654595   -2.427508
   PAPUA N.GUINEA  |  -1.369966   .5871671    -2.33   0.020    -2.520793   -.2191401
                   |
             _cons |   13.10447   .8581075    15.27   0.000     11.42261    14.78633
------------------------------------------------------------------------------------

. 
. * write to file for use in tex
. outreg2 using "tables/alt1.tex", keep(`vars') ///
>  side stats(coef se) noparen dec(3) replace
tables/alt1.tex
dir : seeout

. 
. ********************************************************************************
. ** Adding one to all trade flows
. gen trade_plus_one = trade + 1

. gen ln_trade_poorman = ln(trade_plus_one)

. 
. local vars = "dist border island landlock legal lang colonial cu fta religion reg_c
> osts reg_costs_procdays"

. 
. reg ln_trade_poorman `vars' i.expcode i.impcode if year==1986, vce(cluster pair)

Linear regression                               Number of obs     =     12,535
                                                F(235, 6648)      =     176.59
                                                Prob > F          =     0.0000
                                                R-squared         =     0.7128
                                                Root MSE          =     2.3775

                                     (Std. Err. adjusted for 6,649 clusters in pair)
------------------------------------------------------------------------------------
                   |               Robust
  ln_trade_poorman |      Coef.   Std. Err.      t    P>|t|     [95% Conf. Interval]
-------------------+----------------------------------------------------------------
              dist |  -1.112913   .0575995   -19.32   0.000    -1.225827   -.9999996
            border |   .5936468   .3045644     1.95   0.051    -.0033971    1.190691
            island |  -.4201205   .2784627    -1.51   0.131    -.9659967    .1257557
          landlock |  -.6846098   .1506987    -4.54   0.000    -.9800276    -.389192
             legal |   .2631466   .0696929     3.78   0.000     .1265262     .399767
              lang |   .5788915   .0814646     7.11   0.000     .4191947    .7385884
          colonial |   .7525902   .3153453     2.39   0.017     .1344123    1.370768
                cu |   .6768424   .3324063     2.04   0.042     .0252195    1.328465
               fta |   1.106219   .3465509     3.19   0.001      .426868     1.78557
          religion |   .6191723   .1317763     4.70   0.000     .3608484    .8774962
         reg_costs |  -.0110394   .1140869    -0.10   0.923    -.2346863    .2126076
reg_costs_procdays |  -.2477152   .1121714    -2.21   0.027    -.4676072   -.0278232
                   |
           expcode |
          ALGERIA  |  -1.872474     .44181    -4.24   0.000    -2.738564   -1.006385
          MOROCCO  |  -.2679524   .3942096    -0.68   0.497     -1.04073    .5048249
          TUNISIA  |  -1.334593   .3861745    -3.46   0.001    -2.091619    -.577567
            EGYPT  |  -1.422159   .3902976    -3.64   0.000    -2.187267   -.6570503
         CAMEROON  |  -2.553894   .3933613    -6.49   0.000    -3.325009    -1.78278
CENTRAL AFR. REP.  |  -4.099606   .3628677   -11.30   0.000    -4.810944   -3.388269
             CHAD  |  -4.479074   .3680082   -12.17   0.000    -5.200489    -3.75766
            CONGO  |  -5.182867   .3868368   -13.40   0.000    -5.941191   -4.424542
           ANGOLA  |  -3.360475   .3824052    -8.79   0.000    -4.110112   -2.610838
          BURUNDI  |  -4.153388   .3617354   -11.48   0.000    -4.862506   -3.444271
            BENIN  |  -3.803809     .36094   -10.54   0.000    -4.511367    -3.09625
         ETHIOPIA  |  -3.433818   .3795399    -9.05   0.000    -4.177838   -2.689798
            GHANA  |  -2.693892   .3774682    -7.14   0.000    -3.433851   -1.953933
           GUINEA  |  -3.507833   .3745801    -9.36   0.000     -4.24213   -2.773535
    COTE D'IVOIRE  |  -1.495527   .4004736    -3.73   0.000    -2.280584   -.7104704
            KENYA  |  -.4170936   .3830002    -1.09   0.276    -1.167897    .3337097
       MADAGASCAR  |  -3.171723   .3670441    -8.64   0.000    -3.891247   -2.452199
           MALAWI  |  -2.911133   .3732887    -7.80   0.000    -3.642899   -2.179368
             MALI  |  -3.776359   .3667628   -10.30   0.000    -4.495331   -3.057386
       MAURITANIA  |  -3.875542   .3710101   -10.45   0.000    -4.602841   -3.148243
       MOZAMBIQUE  |  -2.928999   .3743566    -7.82   0.000    -3.662858    -2.19514
            NIGER  |  -4.632502   .3620906   -12.79   0.000    -5.342316   -3.922688
          NIGERIA  |  -1.915156   .4262902    -4.49   0.000    -2.750821    -1.07949
           RWANDA  |  -4.256767   .3652628   -11.65   0.000    -4.972799   -3.540735
          SENEGAL  |  -2.478099   .4017861    -6.17   0.000    -3.265729   -1.690469
     SIERRA LEONE  |  -3.830135   .3566163   -10.74   0.000    -4.529218   -3.131053
         ZIMBABWE  |  -.1188114   .3744522    -0.32   0.751    -.8528578     .615235
             TOGO  |  -2.842723   .3829434    -7.42   0.000    -3.593415   -2.092031
           UGANDA  |  -3.560191   .3642029    -9.78   0.000    -4.274146   -2.846236
 UNTD RP TANZANIA  |   -2.41476   .3674234    -6.57   0.000    -3.135028   -1.694493
     BURKINA FASO  |  -4.379997   .3645455   -12.01   0.000    -5.094624   -3.665371
           ZAMBIA  |  -2.579564   .3844067    -6.71   0.000    -3.333124   -1.826003
           CANADA  |   4.753556   .3406888    13.95   0.000     4.085697    5.421416
              USA  |   6.989119   .3343046    20.91   0.000     6.333775    7.644463
        ARGENTINA  |   2.150838   .3954972     5.44   0.000     1.375536    2.926139
          BOLIVIA  |  -2.916229   .3787949    -7.70   0.000    -3.658789    -2.17367
           BRAZIL  |   3.976427   .3594999    11.06   0.000     3.271692    4.681163
            CHILE  |   .6824626   .4003295     1.70   0.088    -.1023116    1.467237
         COLOMBIA  |   .0250359   .3959153     0.06   0.950    -.7510852     .801157
          ECUADOR  |  -1.292322   .3905185    -3.31   0.001    -2.057863   -.5267799
           MEXICO  |   1.177933   .3874263     3.04   0.002     .4184531    1.937413
         PARAGUAY  |  -2.735393   .3784345    -7.23   0.000    -3.477246    -1.99354
             PERU  |  -.4864087   .3949123    -1.23   0.218    -1.260564    .2877461
          URUGUAY  |  -.4508896   .3954889    -1.14   0.254    -1.226175    .3243956
        VENEZUELA  |  -.6660392   .3990106    -1.67   0.095    -1.448228    .1161497
       COSTA RICA  |  -1.041079   .3800218    -2.74   0.006    -1.786044   -.2961143
      EL SALVADOR  |  -2.842997   .3772326    -7.54   0.000    -3.582493     -2.1035
        GUATEMALA  |  -1.232186   .3981337    -3.09   0.002    -2.012656   -.4517164
         HONDURAS  |  -2.302573   .3776136    -6.10   0.000    -3.042817   -1.562329
        NICARAGUA  |  -3.228954   .3897615    -8.28   0.000    -3.993011   -2.464896
     DOMINICAN RP  |  -2.756898   .3780904    -7.29   0.000    -3.498077    -2.01572
            HAITI  |  -3.217971   .3596578    -8.95   0.000    -3.923016   -2.512926
          JAMAICA  |  -2.904195   .3771685    -7.70   0.000    -3.643566   -2.164823
           PANAMA  |  -2.645458   .3741001    -7.07   0.000    -3.378814   -1.912102
           ISRAEL  |   .0025987   .4522392     0.01   0.995    -.8839352    .8891326
             IRAN  |   -1.15414   .4244245    -2.72   0.007    -1.986148   -.3221318
           JORDAN  |  -2.015826   .4015993    -5.02   0.000     -2.80309   -1.228563
           KUWAIT  |   -1.85844   .4116597    -4.51   0.000    -2.665425   -1.051455
          LEBANON  |  -3.108204   .3746762    -8.30   0.000     -3.84269   -2.373718
             OMAN  |  -3.390754   .3840552    -8.83   0.000    -4.143625   -2.637883
     SAUDI ARABIA  |  -.0544101   .4683585    -0.12   0.908     -.972543    .8637227
     SYRN ARAB RP  |   -2.84936   .3996373    -7.13   0.000    -3.632778   -2.065943
     UNTD ARAB EM  |  -1.650149   .4338797    -3.80   0.000    -2.500693   -.7996057
           TURKEY  |    .591299   .3702117     1.60   0.110    -.1344348    1.317033
            YEMEN  |  -3.669824   .3667151   -10.01   0.000    -4.388703   -2.950944
       BANGLADESH  |  -.2331188    .404114    -0.58   0.564    -1.025312    .5590742
           BHUTAN  |  -4.474863   .3884485   -11.52   0.000    -5.236346   -3.713379
         CAMBODIA  |  -4.162506   .3964774   -10.50   0.000    -4.939729   -3.385283
        SRI LANKA  |   -.072309   .3702033    -0.20   0.845    -.7980262    .6534082
            INDIA  |   2.994651   .3628651     8.25   0.000     2.283319    3.705983
INDONESIA (inc..)  |   1.534636   .4040586     3.80   0.000     .7425514     2.32672
 KOREA RP (SOUTH)  |   3.810331   .4448978     8.56   0.000     2.938189    4.682474
     LAOS P.DEM.R  |  -4.242533   .3701696   -11.46   0.000    -4.968184   -3.516881
         MALAYSIA  |   1.955995   .3744253     5.22   0.000     1.222001    2.689989
         MALDIVES  |  -4.004704   .3688532   -10.86   0.000    -4.727775   -3.281634
            NEPAL  |  -3.223404   .3576868    -9.01   0.000    -3.924585   -2.522223
         PAKISTAN  |   1.610671   .3763857     4.28   0.000     .8728339    2.348508
      PHILIPPINES  |   .3290874   .3778347     0.87   0.384    -.4115898    1.069765
        SINGAPORE  |   3.701285   .3526442    10.50   0.000      3.00999    4.392581
         THAILAND  |   2.657813    .372584     7.13   0.000     1.927428    3.388197
           TAIWAN  |    3.73538   .4439736     8.41   0.000      2.86505    4.605711
            CHINA  |   .8505374   .4534395     1.88   0.061    -.0383495    1.739424
         MONGOLIA  |  -3.442891   .3698068    -9.31   0.000    -4.167831   -2.717951
          VIETNAM  |  -2.528947   .3913936    -6.46   0.000    -3.296204    -1.76169
     BELGIUM-LUX.  |   4.457028   .3383499    13.17   0.000     3.793753    5.120302
DENMARK (inclu..)  |   3.546148   .3379409    10.49   0.000     2.883675     4.20862
           GREECE  |    .439841   .3669888     1.20   0.231    -.2795748    1.159257
          IRELAND  |   2.175144   .3426549     6.35   0.000      1.50343    2.846857
         PORTUGAL  |   1.776614   .3498015     5.08   0.000     1.090891    2.462338
            SPAIN  |   3.775989   .3487585    10.83   0.000      3.09231    4.459668
          AUSTRIA  |   3.265894   .3452355     9.46   0.000     2.589122    3.942667
          FINLAND  |   3.086423   .3502074     8.81   0.000     2.399905    3.772942
           NORWAY  |   3.129502   .3416056     9.16   0.000     2.459846    3.799159
      SWITZERLAND  |   4.216057    .346713    12.16   0.000     3.536388    4.895726
          ALBANIA  |  -3.299957   .3739575    -8.82   0.000    -4.033033    -2.56688
         BULGARIA  |  -.9938721   .3931193    -2.53   0.011    -1.764512    -.223232
   CZECHOSLOVAKIA  |   1.428533   .4148972     3.44   0.001     .6152015    2.241865
          HUNGARY  |   1.466791   .3842115     3.82   0.000     .7136137    2.219969
           POLAND  |   .8932879   .4077713     2.19   0.029     .0939253     1.69265
          ROMANIA  |   .0854218   .4183153     0.20   0.838    -.7346103    .9054539
FM YUGOSLAVIA ..)  |   1.878846   .3834037     4.90   0.000     1.127252    2.630441
          FM USSR  |   1.609417    .467877     3.44   0.001     .6922276    2.526606
        AUSTRALIA  |   3.404066   .3671042     9.27   0.000     2.684424    4.123708
      NEW ZEALAND  |   2.309592    .382896     6.03   0.000     1.558992    3.060191
    SOLOMON ISLDS  |  -3.208617   .3762159    -8.53   0.000    -3.946121   -2.471114
             FIJI  |  -2.804522   .3665674    -7.65   0.000    -3.523111   -2.085932
KIRIBATI (incl..)  |  -3.793401   .3810408    -9.96   0.000    -4.540363   -3.046438
   PAPUA N.GUINEA  |  -2.047249   .3676215    -5.57   0.000    -2.767905   -1.326593
                   |
           impcode |
          ALGERIA  |   .9543237   .3972973     2.40   0.016     .1754934    1.733154
          MOROCCO  |   1.139174   .3594291     3.17   0.002     .4345778     1.84377
          TUNISIA  |   .5810337   .3428383     1.69   0.090    -.0910394    1.253107
            EGYPT  |   .3389811   .3934536     0.86   0.389    -.4323142    1.110277
         CAMEROON  |   .0360677   .3410832     0.11   0.916    -.6325648    .7047001
CENTRAL AFR. REP.  |  -2.817543   .3295814    -8.55   0.000    -3.463628   -2.171457
             CHAD  |  -2.989566   .3359798    -8.90   0.000    -3.648194   -2.330938
            CONGO  |  -2.102823   .3424153    -6.14   0.000    -2.774067   -1.431579
           ANGOLA  |  -1.107897   .3433603    -3.23   0.001    -1.780993   -.4348003
          BURUNDI  |  -2.649729   .3270144    -8.10   0.000    -3.290783   -2.008676
            BENIN  |  -1.634281   .3286209    -4.97   0.000    -2.278483   -.9900787
         ETHIOPIA  |   -.504579    .343693    -1.47   0.142    -1.178328    .1691696
            GHANA  |  -1.279826    .343011    -3.73   0.000    -1.952237   -.6074142
           GUINEA  |  -1.820128   .3319594    -5.48   0.000    -2.470875   -1.169381
    COTE D'IVOIRE  |   -.631372   .3558769    -1.77   0.076    -1.329005    .0662608
            KENYA  |   .6388785   .3423483     1.87   0.062    -.0322339    1.309991
       MADAGASCAR  |  -1.359349   .3447684    -3.94   0.000    -2.035206   -.6834928
           MALAWI  |  -1.844748   .3129357    -5.89   0.000    -2.458203   -1.231294
             MALI  |  -2.222081   .3261949    -6.81   0.000    -2.861528   -1.582635
       MAURITANIA  |  -2.134366   .3349269    -6.37   0.000     -2.79093   -1.477801
       MOZAMBIQUE  |  -1.131878   .3436167    -3.29   0.001    -1.805477   -.4582788
            NIGER  |  -2.410184   .3299131    -7.31   0.000     -3.05692   -1.763449
          NIGERIA  |   .7542331   .3637802     2.07   0.038     .0411071    1.467359
           RWANDA  |  -2.604105   .3358869    -7.75   0.000    -3.262551   -1.945659
          SENEGAL  |  -.5759741   .3346118    -1.72   0.085    -1.231921    .0799723
     SIERRA LEONE  |  -1.897799    .326652    -5.81   0.000    -2.538141   -1.257456
         ZIMBABWE  |  -.7671904   .3238581    -2.37   0.018    -1.402056   -.1323245
             TOGO  |  -1.080126   .3353299    -3.22   0.001     -1.73748   -.4227714
           UGANDA  |  -2.208897   .3223502    -6.85   0.000    -2.840807   -1.576987
 UNTD RP TANZANIA  |  -.9634987   .3304805    -2.92   0.004    -1.611346   -.3156509
     BURKINA FASO  |  -2.306396   .3339825    -6.91   0.000    -2.961108   -1.651683
           ZAMBIA  |  -1.562602   .3203773    -4.88   0.000    -2.190645   -.9345599
           CANADA  |   5.140404   .3198147    16.07   0.000     4.513465    5.767344
              USA  |   8.008263   .3217616    24.89   0.000     7.377507    8.639019
        ARGENTINA  |   .7962821   .3459663     2.30   0.021     .1180771    1.474487
          BOLIVIA  |  -.7290869   .3293678    -2.21   0.027    -1.374753   -.0834203
           BRAZIL  |   2.487256   .3924758     6.34   0.000     1.717877    3.256634
            CHILE  |   1.015621   .3434332     2.96   0.003     .3423816     1.68886
         COLOMBIA  |   .9112285    .337367     2.70   0.007     .2498809    1.572576
          ECUADOR  |   .4776257   .3318158     1.44   0.150    -.1728397    1.128091
           MEXICO  |   1.501326   .3190655     4.71   0.000     .8758558    2.126797
         PARAGUAY  |  -1.153144   .3367694    -3.42   0.001     -1.81332   -.4929683
             PERU  |   .7212431   .3471715     2.08   0.038     .0406756    1.401811
          URUGUAY  |   .5539773    .338803     1.64   0.102    -.1101852     1.21814
        VENEZUELA  |   .9688044   .3329889     2.91   0.004     .3160393    1.621569
       COSTA RICA  |  -.1617527   .3305387    -0.49   0.625    -.8097145    .4862091
      EL SALVADOR  |  -.4761323   .3323716    -1.43   0.152    -1.127687    .1754227
        GUATEMALA  |  -.0467365   .3287583    -0.14   0.887    -.6912082    .5977353
         HONDURAS  |  -.3577669   .3176403    -1.13   0.260    -.9804438      .26491
        NICARAGUA  |  -.5028059   .3504391    -1.43   0.151    -1.189779    .1841672
     DOMINICAN RP  |  -.6093263   .3412772    -1.79   0.074    -1.278339    .0596865
            HAITI  |  -1.061994   .3187904    -3.33   0.001    -1.686926   -.4370627
          JAMAICA  |  -.6205258   .3142501    -1.97   0.048    -1.236557   -.0044948
           PANAMA  |    .665799   .3351797     1.99   0.047     .0087393    1.322859
           ISRAEL  |   .0871781   .3878198     0.22   0.822    -.6730732    .8474294
             IRAN  |  -.0287112   .3952629    -0.07   0.942    -.8035533     .746131
           JORDAN  |   .8604003    .352297     2.44   0.015     .1697852    1.551015
           KUWAIT  |  -.0405418   .3664901    -0.11   0.912    -.7589801    .6778964
          LEBANON  |  -.8048784   .3498206    -2.30   0.021    -1.490639   -.1191178
             OMAN  |  -.3147311   .3271899    -0.96   0.336    -.9561284    .3266662
     SAUDI ARABIA  |    2.29413   .3864444     5.94   0.000     1.536575    3.051685
     SYRN ARAB RP  |   .4138635   .3694272     1.12   0.263    -.3103325    1.138059
     UNTD ARAB EM  |   1.210636   .3556305     3.40   0.001     .5134862    1.907786
           TURKEY  |   1.796322   .3599726     4.99   0.000     1.090661    2.501984
            YEMEN  |  -.6338721   .3646935    -1.74   0.082    -1.348788    .0810442
       BANGLADESH  |   .5214088   .3512708     1.48   0.138    -.1671947    1.210012
           BHUTAN  |  -2.671738   .3670238    -7.28   0.000    -3.391222   -1.952253
         CAMBODIA  |  -2.543526   .3749465    -6.78   0.000    -3.278541    -1.80851
        SRI LANKA  |   .8064006   .3290198     2.45   0.014     .1614163    1.451385
        HONG KONG  |   3.089833   .3394432     9.10   0.000     2.424416    3.755251
            INDIA  |   3.413819   .3951449     8.64   0.000     2.639208     4.18843
INDONESIA (inc..)  |   2.306332   .3744153     6.16   0.000     1.572358    3.040306
 KOREA RP (SOUTH)  |   3.389356   .4308088     7.87   0.000     2.544833     4.23388
     LAOS P.DEM.R  |  -2.635686   .3463555    -7.61   0.000    -3.314653   -1.956718
         MALAYSIA  |   1.943115   .3569411     5.44   0.000     1.243396    2.642834
         MALDIVES  |  -2.191655   .3367501    -6.51   0.000    -2.851793   -1.531517
            NEPAL  |  -1.491449   .3278206    -4.55   0.000    -2.134083   -.8488156
         PAKISTAN  |    1.95201   .3651327     5.35   0.000     1.236233    2.667788
      PHILIPPINES  |   1.350732   .3557207     3.80   0.000      .653405    2.048058
        SINGAPORE  |   3.406543   .3658263     9.31   0.000     2.689406     4.12368
         THAILAND  |   2.514162    .378159     6.65   0.000     1.772849    3.255475
           TAIWAN  |    3.38643   .4553154     7.44   0.000     2.493866    4.278994
            CHINA  |   2.395419   .4423171     5.42   0.000     1.528336    3.262503
         MONGOLIA  |  -1.933964   .3496266    -5.53   0.000    -2.619345   -1.248584
          VIETNAM  |  -1.468302   .3667986    -4.00   0.000    -2.187345   -.7492585
     BELGIUM-LUX.  |   5.510325   .3199918    17.22   0.000     4.883039    6.137612
DENMARK (inclu..)  |   3.241116   .3194443    10.15   0.000     2.614903    3.867329
           FRANCE  |   6.245649   .3310917    18.86   0.000     5.596603    6.894695
          GERMANY  |   7.134609    .324426    21.99   0.000      6.49863    7.770588
           GREECE  |   2.529226   .3422746     7.39   0.000     1.858258    3.200194
          IRELAND  |   2.037798   .3363727     6.06   0.000     1.378399    2.697196
            ITALY  |   6.192444   .3304547    18.74   0.000     5.544647    6.840241
      NETHERLANDS  |   5.756442   .3357475    17.15   0.000     5.098269    6.414615
         PORTUGAL  |    3.34753   .3554656     9.42   0.000     2.650703    4.044357
            SPAIN  |   5.175539   .3365101    15.38   0.000     4.515871    5.835207
   UNITED KINGDOM  |   6.387283   .3216361    19.86   0.000     5.756773    7.017793
          AUSTRIA  |   3.659099   .3176789    11.52   0.000     3.036347    4.281852
          FINLAND  |    2.64258   .3647971     7.24   0.000     1.927461    3.357699
           NORWAY  |   2.371559   .3405627     6.96   0.000     1.703947    3.039171
           SWEDEN  |   4.198977   .3216329    13.06   0.000     3.568474    4.829481
      SWITZERLAND  |    4.06686   .3189493    12.75   0.000     3.441617    4.692103
          ALBANIA  |  -1.839265   .3518025    -5.23   0.000     -2.52891   -1.149619
         BULGARIA  |   .2370795   .3792439     0.63   0.532    -.5063602    .9805192
   CZECHOSLOVAKIA  |   1.860701   .4186211     4.44   0.000      1.04007    2.681333
          HUNGARY  |   1.964426   .3928822     5.00   0.000     1.194251    2.734601
           POLAND  |   1.150837   .4021823     2.86   0.004     .3624302    1.939243
          ROMANIA  |   .2903016   .3844669     0.76   0.450    -.4633769     1.04398
FM YUGOSLAVIA ..)  |   2.961713   .3879303     7.63   0.000     2.201245    3.722181
          FM USSR  |   2.408803   .4656461     5.17   0.000     1.495988    3.321619
        AUSTRALIA  |   3.692825   .3344285    11.04   0.000     3.037237    4.348412
      NEW ZEALAND  |   2.092366   .3238456     6.46   0.000     1.457525    2.727208
    SOLOMON ISLDS  |   -1.64246   .3555248    -4.62   0.000    -2.339402   -.9455169
             FIJI  |  -.5815945   .3040549    -1.91   0.056     -1.17764    .0144507
KIRIBATI (incl..)  |  -1.949992   .3580999    -5.45   0.000    -2.651983   -1.248002
   PAPUA N.GUINEA  |  -.5535416   .3245969    -1.71   0.088    -1.189856    .0827724
                   |
             _cons |   10.30658   .6401308    16.10   0.000     9.051717    11.56144
------------------------------------------------------------------------------------

. 
. * write to file for use in tex
. outreg2 using "tables/alt2.tex", keep(`vars') ///
>  side stats(coef se) noparen dec(3) replace
tables/alt2.tex
dir : seeout

. 
. ********************************************************************************
. ** Fixed Effects
. clear all

. use "data\cleaned_part2.dta"

. 
. set matsize 11000

. 
. * importer, exporter, year FE
. quietly reghdfe ln_trade fta, a(expcode impcode) vce(r)

. outreg2 using "tables/alt3.tex", keep(fta) stats(coef se) dec(3) replace ///
>  addtext(Importer and Exporter FE, Y, Im*Year and Ex*Year FE, N, Importer*Exporter 
> FE, N)
tables/alt3.tex
dir : seeout

. 
. * importer*year, exporter*year,
. egen exp_year = group(expcode year)

. egen imp_year = group(impcode year)

. 
. quietly reghdfe ln_trade fta, a(exp_year imp_year) vce(r)

. outreg2 using "tables/alt3.tex", keep(fta) stats(coef se) dec(3) append ///
>  addtext(Importer and Exporter FE, N, Im*Year and Ex*Year FE, Y, Importer*Exporter 
> FE, N)
tables/alt3.tex
dir : seeout

. 
. * importer*year, exporter*year, importer*exporter
. quietly reghdfe ln_trade fta, a(exp_year imp_year pair) vce(r)

. outreg2 using "tables/alt3.tex", keep(fta) stats(coef se) dec(3) append ///
>  addtext(Importer and Exporter FE, N, Im*Year and Ex*Year FE, Y, Importer*Exporter 
> FE, Y)
tables/alt3.tex
dir : seeout

. 
. ********************************************************************************
. 
end of do-file

. exit, clear
